Archive member included because of file (symbol)

./libee.a(ee_terminat.o)      obj/task.o (EE_oo_TerminateTask)
./libee.a(ee_tstub.o)         obj/eecfg.o (EE_oo_thread_stub)
./libee.a(ee_startos.o)       obj/code.o (EE_oo_StartOS)
./libee.a(ee_rq_first.o)      ./libee.a(ee_startos.o) (EE_rq_queryfirst)
./libee.a(ee_altick.o)        ./libee.a(ee_startos.o) (EE_oo_counter_object_insert)
./libee.a(ee_intvect.o)       obj/code.o (EE_atmega_intvect)
./libee.a(ee_avr8_irqstub.o)  ./libee.a(ee_intvect.o) (EE_avr8_isr2_stub)
./libee.a(ee_avr8_oo.o)       ./libee.a(ee_tstub.o) (EE_avr8_terminate_savestk)
./libee.a(ee_hal_structs.o)   ./libee.a(ee_avr8_irqstub.o) (EE_std_endcycle_next_tid)
./libee.a(ee_context.o)       ./libee.a(ee_startos.o) (EE_std_run_task_code)
./libee.a(ee_thendin.o)       ./libee.a(ee_context.o) (EE_thread_end_instance)
./libee.a(ee_irqendin.o)      ./libee.a(ee_avr8_irqstub.o) (EE_IRQ_end_instance)
./libee.a(ee_tnterm.o)        ./libee.a(ee_avr8_oo.o) (EE_thread_not_terminated)
./libee.a(ee_lookup.o)        ./libee.a(ee_rq_first.o) (EE_rq_lookup)
./libee.a(ee_rq_exchg.o)      ./libee.a(ee_startos.o) (EE_rq2stk_exchange)
./libee.a(ee_rq_inser.o)      ./libee.a(ee_altick.o) (EE_rq_insert)
libarduinosdk.a(wiring.o)     obj/code.o (init)
libarduinosdk.a(HardwareSerial.o)
                              obj/code.o (_ZN14HardwareSerial5beginEmh)
libarduinosdk.a(Print.o)      libarduinosdk.a(HardwareSerial.o) (_ZN5Print5writeEPKhj)
libarduinosdk.a(hooks.o)      libarduinosdk.a(wiring.o) (yield)
libarduinosdk.a(abi.o)        libarduinosdk.a(Print.o) (__cxa_pure_virtual)
libarduinosdk.a(HardwareSerial0.o)
                              obj/code.o (Serial)
libarduinosdk.a(mcp_can.o)    obj/code.o (_ZN7MCP_CANC1Eh)
libarduinosdk.a(SPI.o)        libarduinosdk.a(mcp_can.o) (_ZN8SPIClass5beginEv)
libarduinosdk.a(wiring_digital.o)
                              libarduinosdk.a(mcp_can.o) (pinMode)
/cygdrive/c/ARDUIN~1.0/hardware/tools/avr/bin/../lib/gcc/avr/4.8.1/../../../../avr/lib/avr5/libm.a(addsf3.o)
                              obj/task.o (__subsf3)
/cygdrive/c/ARDUIN~1.0/hardware/tools/avr/bin/../lib/gcc/avr/4.8.1/../../../../avr/lib/avr5/libm.a(addsf3x.o)
                              /cygdrive/c/ARDUIN~1.0/hardware/tools/avr/bin/../lib/gcc/avr/4.8.1/../../../../avr/lib/avr5/libm.a(addsf3.o) (__addsf3x)
/cygdrive/c/ARDUIN~1.0/hardware/tools/avr/bin/../lib/gcc/avr/4.8.1/../../../../avr/lib/avr5/libm.a(cmpsf2.o)
                              obj/task.o (__ltsf2)
/cygdrive/c/ARDUIN~1.0/hardware/tools/avr/bin/../lib/gcc/avr/4.8.1/../../../../avr/lib/avr5/libm.a(divsf3.o)
                              obj/task.o (__divsf3)
/cygdrive/c/ARDUIN~1.0/hardware/tools/avr/bin/../lib/gcc/avr/4.8.1/../../../../avr/lib/avr5/libm.a(divsf3x.o)
                              /cygdrive/c/ARDUIN~1.0/hardware/tools/avr/bin/../lib/gcc/avr/4.8.1/../../../../avr/lib/avr5/libm.a(divsf3.o) (__divsf3x)
/cygdrive/c/ARDUIN~1.0/hardware/tools/avr/bin/../lib/gcc/avr/4.8.1/../../../../avr/lib/avr5/libm.a(fixsfsi.o)
                              libarduinosdk.a(Print.o) (__fixsfsi)
/cygdrive/c/ARDUIN~1.0/hardware/tools/avr/bin/../lib/gcc/avr/4.8.1/../../../../avr/lib/avr5/libm.a(fixunssfsi.o)
                              libarduinosdk.a(Print.o) (__fixunssfsi)
/cygdrive/c/ARDUIN~1.0/hardware/tools/avr/bin/../lib/gcc/avr/4.8.1/../../../../avr/lib/avr5/libm.a(floatsisf.o)
                              libarduinosdk.a(Print.o) (__floatunsisf)
/cygdrive/c/ARDUIN~1.0/hardware/tools/avr/bin/../lib/gcc/avr/4.8.1/../../../../avr/lib/avr5/libm.a(fp_cmp.o)
                              /cygdrive/c/ARDUIN~1.0/hardware/tools/avr/bin/../lib/gcc/avr/4.8.1/../../../../avr/lib/avr5/libm.a(cmpsf2.o) (__fp_cmp)
/cygdrive/c/ARDUIN~1.0/hardware/tools/avr/bin/../lib/gcc/avr/4.8.1/../../../../avr/lib/avr5/libm.a(fp_inf.o)
                              /cygdrive/c/ARDUIN~1.0/hardware/tools/avr/bin/../lib/gcc/avr/4.8.1/../../../../avr/lib/avr5/libm.a(addsf3x.o) (__fp_inf)
/cygdrive/c/ARDUIN~1.0/hardware/tools/avr/bin/../lib/gcc/avr/4.8.1/../../../../avr/lib/avr5/libm.a(fp_nan.o)
                              /cygdrive/c/ARDUIN~1.0/hardware/tools/avr/bin/../lib/gcc/avr/4.8.1/../../../../avr/lib/avr5/libm.a(addsf3x.o) (__fp_nan)
/cygdrive/c/ARDUIN~1.0/hardware/tools/avr/bin/../lib/gcc/avr/4.8.1/../../../../avr/lib/avr5/libm.a(fp_pscA.o)
                              /cygdrive/c/ARDUIN~1.0/hardware/tools/avr/bin/../lib/gcc/avr/4.8.1/../../../../avr/lib/avr5/libm.a(addsf3x.o) (__fp_pscA)
/cygdrive/c/ARDUIN~1.0/hardware/tools/avr/bin/../lib/gcc/avr/4.8.1/../../../../avr/lib/avr5/libm.a(fp_pscB.o)
                              /cygdrive/c/ARDUIN~1.0/hardware/tools/avr/bin/../lib/gcc/avr/4.8.1/../../../../avr/lib/avr5/libm.a(addsf3x.o) (__fp_pscB)
/cygdrive/c/ARDUIN~1.0/hardware/tools/avr/bin/../lib/gcc/avr/4.8.1/../../../../avr/lib/avr5/libm.a(fp_round.o)
                              /cygdrive/c/ARDUIN~1.0/hardware/tools/avr/bin/../lib/gcc/avr/4.8.1/../../../../avr/lib/avr5/libm.a(addsf3.o) (__fp_round)
/cygdrive/c/ARDUIN~1.0/hardware/tools/avr/bin/../lib/gcc/avr/4.8.1/../../../../avr/lib/avr5/libm.a(fp_split3.o)
                              /cygdrive/c/ARDUIN~1.0/hardware/tools/avr/bin/../lib/gcc/avr/4.8.1/../../../../avr/lib/avr5/libm.a(addsf3x.o) (__fp_split3)
/cygdrive/c/ARDUIN~1.0/hardware/tools/avr/bin/../lib/gcc/avr/4.8.1/../../../../avr/lib/avr5/libm.a(fp_zero.o)
                              /cygdrive/c/ARDUIN~1.0/hardware/tools/avr/bin/../lib/gcc/avr/4.8.1/../../../../avr/lib/avr5/libm.a(addsf3x.o) (__fp_zero)
/cygdrive/c/ARDUIN~1.0/hardware/tools/avr/bin/../lib/gcc/avr/4.8.1/../../../../avr/lib/avr5/libm.a(gesf2.o)
                              obj/task.o (__gtsf2)
/cygdrive/c/ARDUIN~1.0/hardware/tools/avr/bin/../lib/gcc/avr/4.8.1/../../../../avr/lib/avr5/libm.a(mulsf3.o)
                              libarduinosdk.a(Print.o) (__mulsf3)
/cygdrive/c/ARDUIN~1.0/hardware/tools/avr/bin/../lib/gcc/avr/4.8.1/../../../../avr/lib/avr5/libm.a(mulsf3x.o)
                              /cygdrive/c/ARDUIN~1.0/hardware/tools/avr/bin/../lib/gcc/avr/4.8.1/../../../../avr/lib/avr5/libm.a(mulsf3.o) (__mulsf3x)
/cygdrive/c/ARDUIN~1.0/hardware/tools/avr/bin/../lib/gcc/avr/4.8.1/../../../../avr/lib/avr5/libm.a(unordsf2.o)
                              libarduinosdk.a(Print.o) (__unordsf2)
/cygdrive/c/ARDUIN~1.0/hardware/tools/avr/bin/../lib/gcc/avr/4.8.1/avr5/libgcc.a(_udivmodsi4.o)
                              libarduinosdk.a(HardwareSerial.o) (__udivmodsi4)
/cygdrive/c/ARDUIN~1.0/hardware/tools/avr/bin/../lib/gcc/avr/4.8.1/avr5/libgcc.a(_exit.o)
                              /cygdrive/c/ARDUIN~1.0/hardware/tools/avr/bin/../lib/gcc/avr/4.8.1/../../../../avr/lib/avr5/crtm328p.o (exit)
/cygdrive/c/ARDUIN~1.0/hardware/tools/avr/bin/../lib/gcc/avr/4.8.1/avr5/libgcc.a(_tablejump.o)
                              libarduinosdk.a(mcp_can.o) (__tablejump2__)
/cygdrive/c/ARDUIN~1.0/hardware/tools/avr/bin/../lib/gcc/avr/4.8.1/avr5/libgcc.a(_copy_data.o)
                              obj/eecfg.o (__do_copy_data)
/cygdrive/c/ARDUIN~1.0/hardware/tools/avr/bin/../lib/gcc/avr/4.8.1/avr5/libgcc.a(_clear_bss.o)
                              obj/eecfg.o (__do_clear_bss)
/cygdrive/c/ARDUIN~1.0/hardware/tools/avr/bin/../lib/gcc/avr/4.8.1/avr5/libgcc.a(_ctors.o)
                              obj/code.o (__do_global_ctors)
/cygdrive/c/ARDUIN~1.0/hardware/tools/avr/bin/../lib/gcc/avr/4.8.1/../../../../avr/lib/avr5/libc.a(abort.o)
                              libarduinosdk.a(abi.o) (abort)

Allocating common symbols
Common symbol       size              file

toRight             0x4               obj/task.o
EE_oo_IRQ_disable_count
                    0x1               ./libee.a(ee_lookup.o)
EE_rq_pairs_tid     0x3               obj/eecfg.o
EE_terminate_data   0xc               obj/eecfg.o
EE_oo_counter_object_RAM
                    0xc               obj/eecfg.o
EE_resource_oldceiling
                    0x1               obj/eecfg.o
accel               0x4               obj/task.o
speed_error         0x4               obj/task.o
LKAS_trigger        0x2               obj/task.o
road_direction      0x4               obj/task.o
EE_oo_started       0x1               ./libee.a(ee_startos.o)
left_steer          0x4               obj/task.o
lateral_error       0x4               obj/task.o
toLeft              0x4               obj/task.o
EE_IRQ_nesting_level
                    0x1               ./libee.a(ee_hal_structs.o)
right_steer         0x4               obj/task.o
EE_ApplicationMode  0x1               obj/eecfg.o
current_speed       0x4               obj/task.o
angle               0x4               obj/task.o
steer_value         0x4               obj/task.o
CC_trigger          0x2               obj/task.o
EE_std_endcycle_next_tid
                    0x1               ./libee.a(ee_hal_structs.o)
lookahead           0x4               obj/task.o
yaw                 0x4               obj/task.o
target_speed        0x4               obj/task.o
brake               0x4               obj/task.o
EE_oo_IRQ_suspend_status
                    0x1               ./libee.a(ee_lookup.o)
toMiddle            0x4               obj/task.o
width               0x4               obj/task.o

Discarded input sections

 .bss           0x00000000        0x0 /cygdrive/c/ARDUIN~1.0/hardware/tools/avr/bin/../lib/gcc/avr/4.8.1/../../../../avr/lib/avr5/crtm328p.o
 .text          0x00000000        0x0 obj/eecfg.o
 .bss           0x00000000        0x0 obj/eecfg.o
 .rodata.EE_resource_ceiling
                0x00000000        0x1 obj/eecfg.o
 .rodata.EE_hal_thread_body
                0x00000000        0x6 obj/eecfg.o
 .text          0x00000000        0x0 obj/code.o
 .bss           0x00000000        0x0 obj/code.o
 .text          0x00000000        0x0 obj/task.o
 .bss           0x00000000        0x0 obj/task.o
 .text          0x00000000        0x0 obj/can.o
 .bss           0x00000000        0x0 obj/can.o
 .text.CAN_checkReceive
                0x00000000        0x8 obj/can.o
 .text.CAN_checkError
                0x00000000        0x8 obj/can.o
 .text          0x00000000        0x0 obj/serial.o
 .bss           0x00000000        0x0 obj/serial.o
 .text.printSerial
                0x00000000        0xa obj/serial.o
 .text.printInteger
                0x00000000        0xe obj/serial.o
 .text._Z9printByteh
                0x00000000        0xe obj/serial.o
 .text.printFloat
                0x00000000       0x10 obj/serial.o
 .text          0x00000000        0x0 ./libee.a(ee_terminat.o)
 .bss           0x00000000        0x0 ./libee.a(ee_terminat.o)
 .text          0x00000000        0x0 ./libee.a(ee_tstub.o)
 .bss           0x00000000        0x0 ./libee.a(ee_tstub.o)
 .text          0x00000000        0x0 ./libee.a(ee_startos.o)
 .bss           0x00000000        0x0 ./libee.a(ee_startos.o)
 .text          0x00000000        0x0 ./libee.a(ee_rq_first.o)
 .bss           0x00000000        0x0 ./libee.a(ee_rq_first.o)
 .text          0x00000000        0x0 ./libee.a(ee_altick.o)
 .bss           0x00000000        0x0 ./libee.a(ee_altick.o)
 .text.EE_oo_IncrementCounterHardware
                0x00000000       0x12 ./libee.a(ee_altick.o)
 .text          0x00000000        0x0 ./libee.a(ee_intvect.o)
 .bss           0x00000000        0x0 ./libee.a(ee_intvect.o)
 .text          0x00000000        0x0 ./libee.a(ee_avr8_irqstub.o)
 .bss           0x00000000        0x0 ./libee.a(ee_avr8_irqstub.o)
 .text.EE_avr8_isr1_stub
                0x00000000       0x5c ./libee.a(ee_avr8_irqstub.o)
 .bss           0x00000000        0x0 ./libee.a(ee_avr8_oo.o)
 .text          0x00000000        0x0 ./libee.a(ee_hal_structs.o)
 .bss           0x00000000        0x0 ./libee.a(ee_hal_structs.o)
 .text          0x00000000        0x0 ./libee.a(ee_context.o)
 .bss           0x00000000        0x0 ./libee.a(ee_context.o)
 .text          0x00000000        0x0 ./libee.a(ee_thendin.o)
 .bss           0x00000000        0x0 ./libee.a(ee_thendin.o)
 .text          0x00000000        0x0 ./libee.a(ee_irqendin.o)
 .bss           0x00000000        0x0 ./libee.a(ee_irqendin.o)
 .text          0x00000000        0x0 ./libee.a(ee_tnterm.o)
 .bss           0x00000000        0x0 ./libee.a(ee_tnterm.o)
 .text          0x00000000        0x0 ./libee.a(ee_lookup.o)
 .bss           0x00000000        0x0 ./libee.a(ee_lookup.o)
 .text          0x00000000        0x0 ./libee.a(ee_rq_exchg.o)
 .bss           0x00000000        0x0 ./libee.a(ee_rq_exchg.o)
 .text          0x00000000        0x0 ./libee.a(ee_rq_inser.o)
 .bss           0x00000000        0x0 ./libee.a(ee_rq_inser.o)
 .text          0x00000000        0x0 libarduinosdk.a(wiring.o)
 .bss           0x00000000        0x0 libarduinosdk.a(wiring.o)
 .text.millis   0x00000000       0x18 libarduinosdk.a(wiring.o)
 .text.delayMicroseconds
                0x00000000       0x14 libarduinosdk.a(wiring.o)
 .group         0x00000000        0x8 libarduinosdk.a(HardwareSerial.o)
 .text          0x00000000        0x0 libarduinosdk.a(HardwareSerial.o)
 .bss           0x00000000        0x0 libarduinosdk.a(HardwareSerial.o)
 .text._ZN14HardwareSerial3endEv
                0x00000000       0x38 libarduinosdk.a(HardwareSerial.o)
 .text._ZN14HardwareSerial17availableForWriteEv
                0x00000000       0x1e libarduinosdk.a(HardwareSerial.o)
 .group         0x00000000        0x8 libarduinosdk.a(Print.o)
 .group         0x00000000        0x8 libarduinosdk.a(Print.o)
 .text          0x00000000        0x0 libarduinosdk.a(Print.o)
 .bss           0x00000000        0x0 libarduinosdk.a(Print.o)
 .text._ZN5Print5printEPK19__FlashStringHelper
                0x00000000       0x4a libarduinosdk.a(Print.o)
 .text._ZN5Print5printERK6String
                0x00000000       0x1c libarduinosdk.a(Print.o)
 .text._ZN5Print5printEPKc
                0x00000000        0x4 libarduinosdk.a(Print.o)
 .text._ZN5Print5printERK9Printable
                0x00000000       0x14 libarduinosdk.a(Print.o)
 .text._ZN5Print7printlnEPK19__FlashStringHelper
                0x00000000       0x24 libarduinosdk.a(Print.o)
 .text._ZN5Print7printlnERK6String
                0x00000000       0x24 libarduinosdk.a(Print.o)
 .text._ZN5Print7printlnEc
                0x00000000       0x24 libarduinosdk.a(Print.o)
 .text._ZN5Print7printlnERK9Printable
                0x00000000       0x24 libarduinosdk.a(Print.o)
 .text._ZN5Print11printNumberEmh
                0x00000000       0xb2 libarduinosdk.a(Print.o)
 .text._ZN5Print5printEli
                0x00000000       0x94 libarduinosdk.a(Print.o)
 .text._ZN5Print5printEii
                0x00000000       0x10 libarduinosdk.a(Print.o)
 .text._ZN5Print7printlnEii
                0x00000000       0x30 libarduinosdk.a(Print.o)
 .text._ZN5Print7printlnEli
                0x00000000       0x24 libarduinosdk.a(Print.o)
 .text._ZN5Print5printEmi
                0x00000000       0x1a libarduinosdk.a(Print.o)
 .text._ZN5Print5printEhi
                0x00000000        0xe libarduinosdk.a(Print.o)
 .text._ZN5Print7printlnEhi
                0x00000000       0x2e libarduinosdk.a(Print.o)
 .text._ZN5Print5printEji
                0x00000000        0xc libarduinosdk.a(Print.o)
 .text._ZN5Print7printlnEji
                0x00000000       0x2c libarduinosdk.a(Print.o)
 .text._ZN5Print7printlnEmi
                0x00000000       0x24 libarduinosdk.a(Print.o)
 .rodata.str1.1
                0x00000000        0xe libarduinosdk.a(Print.o)
 .text._ZN5Print10printFloatEdh
                0x00000000      0x1d6 libarduinosdk.a(Print.o)
 .text._ZN5Print5printEdi
                0x00000000        0x4 libarduinosdk.a(Print.o)
 .text._ZN5Print7printlnEdi
                0x00000000       0x24 libarduinosdk.a(Print.o)
 .rodata._ZTV5Print
                0x00000000        0x8 libarduinosdk.a(Print.o)
 .text          0x00000000        0x0 libarduinosdk.a(hooks.o)
 .bss           0x00000000        0x0 libarduinosdk.a(hooks.o)
 .text          0x00000000        0x0 libarduinosdk.a(abi.o)
 .bss           0x00000000        0x0 libarduinosdk.a(abi.o)
 .text.__cxa_pure_virtual
                0x00000000        0x4 libarduinosdk.a(abi.o)
 .text.__cxa_deleted_virtual
                0x00000000        0x4 libarduinosdk.a(abi.o)
 .text          0x00000000        0x0 libarduinosdk.a(HardwareSerial0.o)
 .bss           0x00000000        0x0 libarduinosdk.a(HardwareSerial0.o)
 .group         0x00000000        0x8 libarduinosdk.a(mcp_can.o)
 .text          0x00000000        0x0 libarduinosdk.a(mcp_can.o)
 .bss           0x00000000        0x0 libarduinosdk.a(mcp_can.o)
 .text._ZN7MCP_CAN9init_MaskEhhm
                0x00000000       0xa8 libarduinosdk.a(mcp_can.o)
 .text._ZN7MCP_CAN9init_FiltEhhm
                0x00000000       0xd8 libarduinosdk.a(mcp_can.o)
 .text._ZN7MCP_CAN6setMsgEmhhhPh
                0x00000000       0x44 libarduinosdk.a(mcp_can.o)
 .text._ZN7MCP_CAN8clearMsgEv
                0x00000000       0x16 libarduinosdk.a(mcp_can.o)
 .text._ZN7MCP_CAN10sendMsgBufEmhhhPh
                0x00000000       0x2c libarduinosdk.a(mcp_can.o)
 .text._ZN7MCP_CAN10readMsgBufEPhS0_
                0x00000000       0x6c libarduinosdk.a(mcp_can.o)
 .text._ZN7MCP_CAN12checkReceiveEv
                0x00000000       0x10 libarduinosdk.a(mcp_can.o)
 .text._ZN7MCP_CAN10checkErrorEv
                0x00000000        0xe libarduinosdk.a(mcp_can.o)
 .text._ZN7MCP_CAN8getCanIdEv
                0x00000000        0xc libarduinosdk.a(mcp_can.o)
 .text._ZN7MCP_CAN15isRemoteRequestEv
                0x00000000        0x6 libarduinosdk.a(mcp_can.o)
 .text          0x00000000        0x0 libarduinosdk.a(SPI.o)
 .bss           0x00000000        0x0 libarduinosdk.a(SPI.o)
 .text._ZN8SPIClass3endEv
                0x00000000       0x28 libarduinosdk.a(SPI.o)
 .text._ZN8SPIClass14usingInterruptEh
                0x00000000       0x38 libarduinosdk.a(SPI.o)
 .text._ZN8SPIClass17notUsingInterruptEh
                0x00000000       0x36 libarduinosdk.a(SPI.o)
 .bss._ZN8SPIClass13interruptSaveE
                0x00000000        0x1 libarduinosdk.a(SPI.o)
 .bss._ZN8SPIClass13interruptMaskE
                0x00000000        0x1 libarduinosdk.a(SPI.o)
 .bss._ZN8SPIClass13interruptModeE
                0x00000000        0x1 libarduinosdk.a(SPI.o)
 .bss.SPI       0x00000000        0x1 libarduinosdk.a(SPI.o)
 .text          0x00000000        0x0 libarduinosdk.a(wiring_digital.o)
 .bss           0x00000000        0x0 libarduinosdk.a(wiring_digital.o)
 .text.digitalRead
                0x00000000       0x52 libarduinosdk.a(wiring_digital.o)
 .progmem.data.port_to_input_PGM
                0x00000000        0xa libarduinosdk.a(wiring_digital.o)
 .text          0x00000000        0x0 /cygdrive/c/ARDUIN~1.0/hardware/tools/avr/bin/../lib/gcc/avr/4.8.1/../../../../avr/lib/avr5/libm.a(addsf3.o)
 .bss           0x00000000        0x0 /cygdrive/c/ARDUIN~1.0/hardware/tools/avr/bin/../lib/gcc/avr/4.8.1/../../../../avr/lib/avr5/libm.a(addsf3.o)
 .text          0x00000000        0x0 /cygdrive/c/ARDUIN~1.0/hardware/tools/avr/bin/../lib/gcc/avr/4.8.1/../../../../avr/lib/avr5/libm.a(addsf3x.o)
 .bss           0x00000000        0x0 /cygdrive/c/ARDUIN~1.0/hardware/tools/avr/bin/../lib/gcc/avr/4.8.1/../../../../avr/lib/avr5/libm.a(addsf3x.o)
 .text          0x00000000        0x0 /cygdrive/c/ARDUIN~1.0/hardware/tools/avr/bin/../lib/gcc/avr/4.8.1/../../../../avr/lib/avr5/libm.a(cmpsf2.o)
 .bss           0x00000000        0x0 /cygdrive/c/ARDUIN~1.0/hardware/tools/avr/bin/../lib/gcc/avr/4.8.1/../../../../avr/lib/avr5/libm.a(cmpsf2.o)
 .text          0x00000000        0x0 /cygdrive/c/ARDUIN~1.0/hardware/tools/avr/bin/../lib/gcc/avr/4.8.1/../../../../avr/lib/avr5/libm.a(divsf3.o)
 .bss           0x00000000        0x0 /cygdrive/c/ARDUIN~1.0/hardware/tools/avr/bin/../lib/gcc/avr/4.8.1/../../../../avr/lib/avr5/libm.a(divsf3.o)
 .text          0x00000000        0x0 /cygdrive/c/ARDUIN~1.0/hardware/tools/avr/bin/../lib/gcc/avr/4.8.1/../../../../avr/lib/avr5/libm.a(divsf3x.o)
 .bss           0x00000000        0x0 /cygdrive/c/ARDUIN~1.0/hardware/tools/avr/bin/../lib/gcc/avr/4.8.1/../../../../avr/lib/avr5/libm.a(divsf3x.o)
 .text          0x00000000        0x0 /cygdrive/c/ARDUIN~1.0/hardware/tools/avr/bin/../lib/gcc/avr/4.8.1/../../../../avr/lib/avr5/libm.a(fixsfsi.o)
 .bss           0x00000000        0x0 /cygdrive/c/ARDUIN~1.0/hardware/tools/avr/bin/../lib/gcc/avr/4.8.1/../../../../avr/lib/avr5/libm.a(fixsfsi.o)
 .text.avr-libc.fplib
                0x00000000        0xa /cygdrive/c/ARDUIN~1.0/hardware/tools/avr/bin/../lib/gcc/avr/4.8.1/../../../../avr/lib/avr5/libm.a(fixsfsi.o)
 .text          0x00000000        0x0 /cygdrive/c/ARDUIN~1.0/hardware/tools/avr/bin/../lib/gcc/avr/4.8.1/../../../../avr/lib/avr5/libm.a(fixunssfsi.o)
 .bss           0x00000000        0x0 /cygdrive/c/ARDUIN~1.0/hardware/tools/avr/bin/../lib/gcc/avr/4.8.1/../../../../avr/lib/avr5/libm.a(fixunssfsi.o)
 .text.avr-libc.fplib
                0x00000000       0x58 /cygdrive/c/ARDUIN~1.0/hardware/tools/avr/bin/../lib/gcc/avr/4.8.1/../../../../avr/lib/avr5/libm.a(fixunssfsi.o)
 .text          0x00000000        0x0 /cygdrive/c/ARDUIN~1.0/hardware/tools/avr/bin/../lib/gcc/avr/4.8.1/../../../../avr/lib/avr5/libm.a(floatsisf.o)
 .bss           0x00000000        0x0 /cygdrive/c/ARDUIN~1.0/hardware/tools/avr/bin/../lib/gcc/avr/4.8.1/../../../../avr/lib/avr5/libm.a(floatsisf.o)
 .text          0x00000000        0x0 /cygdrive/c/ARDUIN~1.0/hardware/tools/avr/bin/../lib/gcc/avr/4.8.1/../../../../avr/lib/avr5/libm.a(fp_cmp.o)
 .bss           0x00000000        0x0 /cygdrive/c/ARDUIN~1.0/hardware/tools/avr/bin/../lib/gcc/avr/4.8.1/../../../../avr/lib/avr5/libm.a(fp_cmp.o)
 .text          0x00000000        0x0 /cygdrive/c/ARDUIN~1.0/hardware/tools/avr/bin/../lib/gcc/avr/4.8.1/../../../../avr/lib/avr5/libm.a(fp_inf.o)
 .bss           0x00000000        0x0 /cygdrive/c/ARDUIN~1.0/hardware/tools/avr/bin/../lib/gcc/avr/4.8.1/../../../../avr/lib/avr5/libm.a(fp_inf.o)
 .text          0x00000000        0x0 /cygdrive/c/ARDUIN~1.0/hardware/tools/avr/bin/../lib/gcc/avr/4.8.1/../../../../avr/lib/avr5/libm.a(fp_nan.o)
 .bss           0x00000000        0x0 /cygdrive/c/ARDUIN~1.0/hardware/tools/avr/bin/../lib/gcc/avr/4.8.1/../../../../avr/lib/avr5/libm.a(fp_nan.o)
 .text          0x00000000        0x0 /cygdrive/c/ARDUIN~1.0/hardware/tools/avr/bin/../lib/gcc/avr/4.8.1/../../../../avr/lib/avr5/libm.a(fp_pscA.o)
 .bss           0x00000000        0x0 /cygdrive/c/ARDUIN~1.0/hardware/tools/avr/bin/../lib/gcc/avr/4.8.1/../../../../avr/lib/avr5/libm.a(fp_pscA.o)
 .text          0x00000000        0x0 /cygdrive/c/ARDUIN~1.0/hardware/tools/avr/bin/../lib/gcc/avr/4.8.1/../../../../avr/lib/avr5/libm.a(fp_pscB.o)
 .bss           0x00000000        0x0 /cygdrive/c/ARDUIN~1.0/hardware/tools/avr/bin/../lib/gcc/avr/4.8.1/../../../../avr/lib/avr5/libm.a(fp_pscB.o)
 .text          0x00000000        0x0 /cygdrive/c/ARDUIN~1.0/hardware/tools/avr/bin/../lib/gcc/avr/4.8.1/../../../../avr/lib/avr5/libm.a(fp_round.o)
 .bss           0x00000000        0x0 /cygdrive/c/ARDUIN~1.0/hardware/tools/avr/bin/../lib/gcc/avr/4.8.1/../../../../avr/lib/avr5/libm.a(fp_round.o)
 .text          0x00000000        0x0 /cygdrive/c/ARDUIN~1.0/hardware/tools/avr/bin/../lib/gcc/avr/4.8.1/../../../../avr/lib/avr5/libm.a(fp_split3.o)
 .bss           0x00000000        0x0 /cygdrive/c/ARDUIN~1.0/hardware/tools/avr/bin/../lib/gcc/avr/4.8.1/../../../../avr/lib/avr5/libm.a(fp_split3.o)
 .text          0x00000000        0x0 /cygdrive/c/ARDUIN~1.0/hardware/tools/avr/bin/../lib/gcc/avr/4.8.1/../../../../avr/lib/avr5/libm.a(fp_zero.o)
 .bss           0x00000000        0x0 /cygdrive/c/ARDUIN~1.0/hardware/tools/avr/bin/../lib/gcc/avr/4.8.1/../../../../avr/lib/avr5/libm.a(fp_zero.o)
 .text          0x00000000        0x0 /cygdrive/c/ARDUIN~1.0/hardware/tools/avr/bin/../lib/gcc/avr/4.8.1/../../../../avr/lib/avr5/libm.a(gesf2.o)
 .bss           0x00000000        0x0 /cygdrive/c/ARDUIN~1.0/hardware/tools/avr/bin/../lib/gcc/avr/4.8.1/../../../../avr/lib/avr5/libm.a(gesf2.o)
 .text          0x00000000        0x0 /cygdrive/c/ARDUIN~1.0/hardware/tools/avr/bin/../lib/gcc/avr/4.8.1/../../../../avr/lib/avr5/libm.a(mulsf3.o)
 .bss           0x00000000        0x0 /cygdrive/c/ARDUIN~1.0/hardware/tools/avr/bin/../lib/gcc/avr/4.8.1/../../../../avr/lib/avr5/libm.a(mulsf3.o)
 .text.avr-libc.fplib
                0x00000000        0x4 /cygdrive/c/ARDUIN~1.0/hardware/tools/avr/bin/../lib/gcc/avr/4.8.1/../../../../avr/lib/avr5/libm.a(mulsf3.o)
 .text          0x00000000        0x0 /cygdrive/c/ARDUIN~1.0/hardware/tools/avr/bin/../lib/gcc/avr/4.8.1/../../../../avr/lib/avr5/libm.a(mulsf3x.o)
 .bss           0x00000000        0x0 /cygdrive/c/ARDUIN~1.0/hardware/tools/avr/bin/../lib/gcc/avr/4.8.1/../../../../avr/lib/avr5/libm.a(mulsf3x.o)
 .text.avr-libc.fplib
                0x00000000       0xc2 /cygdrive/c/ARDUIN~1.0/hardware/tools/avr/bin/../lib/gcc/avr/4.8.1/../../../../avr/lib/avr5/libm.a(mulsf3x.o)
 .text          0x00000000        0x0 /cygdrive/c/ARDUIN~1.0/hardware/tools/avr/bin/../lib/gcc/avr/4.8.1/../../../../avr/lib/avr5/libm.a(unordsf2.o)
 .bss           0x00000000        0x0 /cygdrive/c/ARDUIN~1.0/hardware/tools/avr/bin/../lib/gcc/avr/4.8.1/../../../../avr/lib/avr5/libm.a(unordsf2.o)
 .text.avr-libc.fplib
                0x00000000        0x8 /cygdrive/c/ARDUIN~1.0/hardware/tools/avr/bin/../lib/gcc/avr/4.8.1/../../../../avr/lib/avr5/libm.a(unordsf2.o)
 .text          0x00000000        0x0 /cygdrive/c/ARDUIN~1.0/hardware/tools/avr/bin/../lib/gcc/avr/4.8.1/avr5/libgcc.a(_udivmodsi4.o)
 .bss           0x00000000        0x0 /cygdrive/c/ARDUIN~1.0/hardware/tools/avr/bin/../lib/gcc/avr/4.8.1/avr5/libgcc.a(_udivmodsi4.o)
 .text.libgcc.mul
                0x00000000        0x0 /cygdrive/c/ARDUIN~1.0/hardware/tools/avr/bin/../lib/gcc/avr/4.8.1/avr5/libgcc.a(_udivmodsi4.o)
 .text.libgcc   0x00000000        0x0 /cygdrive/c/ARDUIN~1.0/hardware/tools/avr/bin/../lib/gcc/avr/4.8.1/avr5/libgcc.a(_udivmodsi4.o)
 .text.libgcc.prologue
                0x00000000        0x0 /cygdrive/c/ARDUIN~1.0/hardware/tools/avr/bin/../lib/gcc/avr/4.8.1/avr5/libgcc.a(_udivmodsi4.o)
 .text.libgcc.builtins
                0x00000000        0x0 /cygdrive/c/ARDUIN~1.0/hardware/tools/avr/bin/../lib/gcc/avr/4.8.1/avr5/libgcc.a(_udivmodsi4.o)
 .text.libgcc.fmul
                0x00000000        0x0 /cygdrive/c/ARDUIN~1.0/hardware/tools/avr/bin/../lib/gcc/avr/4.8.1/avr5/libgcc.a(_udivmodsi4.o)
 .text.libgcc.fixed
                0x00000000        0x0 /cygdrive/c/ARDUIN~1.0/hardware/tools/avr/bin/../lib/gcc/avr/4.8.1/avr5/libgcc.a(_udivmodsi4.o)
 .text          0x00000000        0x0 /cygdrive/c/ARDUIN~1.0/hardware/tools/avr/bin/../lib/gcc/avr/4.8.1/avr5/libgcc.a(_exit.o)
 .bss           0x00000000        0x0 /cygdrive/c/ARDUIN~1.0/hardware/tools/avr/bin/../lib/gcc/avr/4.8.1/avr5/libgcc.a(_exit.o)
 .text.libgcc.mul
                0x00000000        0x0 /cygdrive/c/ARDUIN~1.0/hardware/tools/avr/bin/../lib/gcc/avr/4.8.1/avr5/libgcc.a(_exit.o)
 .text.libgcc.div
                0x00000000        0x0 /cygdrive/c/ARDUIN~1.0/hardware/tools/avr/bin/../lib/gcc/avr/4.8.1/avr5/libgcc.a(_exit.o)
 .text.libgcc   0x00000000        0x0 /cygdrive/c/ARDUIN~1.0/hardware/tools/avr/bin/../lib/gcc/avr/4.8.1/avr5/libgcc.a(_exit.o)
 .text.libgcc.prologue
                0x00000000        0x0 /cygdrive/c/ARDUIN~1.0/hardware/tools/avr/bin/../lib/gcc/avr/4.8.1/avr5/libgcc.a(_exit.o)
 .text.libgcc.builtins
                0x00000000        0x0 /cygdrive/c/ARDUIN~1.0/hardware/tools/avr/bin/../lib/gcc/avr/4.8.1/avr5/libgcc.a(_exit.o)
 .text.libgcc.fmul
                0x00000000        0x0 /cygdrive/c/ARDUIN~1.0/hardware/tools/avr/bin/../lib/gcc/avr/4.8.1/avr5/libgcc.a(_exit.o)
 .text.libgcc.fixed
                0x00000000        0x0 /cygdrive/c/ARDUIN~1.0/hardware/tools/avr/bin/../lib/gcc/avr/4.8.1/avr5/libgcc.a(_exit.o)
 .text          0x00000000        0x0 /cygdrive/c/ARDUIN~1.0/hardware/tools/avr/bin/../lib/gcc/avr/4.8.1/avr5/libgcc.a(_tablejump.o)
 .bss           0x00000000        0x0 /cygdrive/c/ARDUIN~1.0/hardware/tools/avr/bin/../lib/gcc/avr/4.8.1/avr5/libgcc.a(_tablejump.o)
 .text.libgcc.mul
                0x00000000        0x0 /cygdrive/c/ARDUIN~1.0/hardware/tools/avr/bin/../lib/gcc/avr/4.8.1/avr5/libgcc.a(_tablejump.o)
 .text.libgcc.div
                0x00000000        0x0 /cygdrive/c/ARDUIN~1.0/hardware/tools/avr/bin/../lib/gcc/avr/4.8.1/avr5/libgcc.a(_tablejump.o)
 .text.libgcc.prologue
                0x00000000        0x0 /cygdrive/c/ARDUIN~1.0/hardware/tools/avr/bin/../lib/gcc/avr/4.8.1/avr5/libgcc.a(_tablejump.o)
 .text.libgcc.builtins
                0x00000000        0x0 /cygdrive/c/ARDUIN~1.0/hardware/tools/avr/bin/../lib/gcc/avr/4.8.1/avr5/libgcc.a(_tablejump.o)
 .text.libgcc.fmul
                0x00000000        0x0 /cygdrive/c/ARDUIN~1.0/hardware/tools/avr/bin/../lib/gcc/avr/4.8.1/avr5/libgcc.a(_tablejump.o)
 .text.libgcc.fixed
                0x00000000        0x0 /cygdrive/c/ARDUIN~1.0/hardware/tools/avr/bin/../lib/gcc/avr/4.8.1/avr5/libgcc.a(_tablejump.o)
 .text          0x00000000        0x0 /cygdrive/c/ARDUIN~1.0/hardware/tools/avr/bin/../lib/gcc/avr/4.8.1/avr5/libgcc.a(_copy_data.o)
 .bss           0x00000000        0x0 /cygdrive/c/ARDUIN~1.0/hardware/tools/avr/bin/../lib/gcc/avr/4.8.1/avr5/libgcc.a(_copy_data.o)
 .text.libgcc.mul
                0x00000000        0x0 /cygdrive/c/ARDUIN~1.0/hardware/tools/avr/bin/../lib/gcc/avr/4.8.1/avr5/libgcc.a(_copy_data.o)
 .text.libgcc.div
                0x00000000        0x0 /cygdrive/c/ARDUIN~1.0/hardware/tools/avr/bin/../lib/gcc/avr/4.8.1/avr5/libgcc.a(_copy_data.o)
 .text.libgcc   0x00000000        0x0 /cygdrive/c/ARDUIN~1.0/hardware/tools/avr/bin/../lib/gcc/avr/4.8.1/avr5/libgcc.a(_copy_data.o)
 .text.libgcc.prologue
                0x00000000        0x0 /cygdrive/c/ARDUIN~1.0/hardware/tools/avr/bin/../lib/gcc/avr/4.8.1/avr5/libgcc.a(_copy_data.o)
 .text.libgcc.builtins
                0x00000000        0x0 /cygdrive/c/ARDUIN~1.0/hardware/tools/avr/bin/../lib/gcc/avr/4.8.1/avr5/libgcc.a(_copy_data.o)
 .text.libgcc.fmul
                0x00000000        0x0 /cygdrive/c/ARDUIN~1.0/hardware/tools/avr/bin/../lib/gcc/avr/4.8.1/avr5/libgcc.a(_copy_data.o)
 .text.libgcc.fixed
                0x00000000        0x0 /cygdrive/c/ARDUIN~1.0/hardware/tools/avr/bin/../lib/gcc/avr/4.8.1/avr5/libgcc.a(_copy_data.o)
 .text          0x00000000        0x0 /cygdrive/c/ARDUIN~1.0/hardware/tools/avr/bin/../lib/gcc/avr/4.8.1/avr5/libgcc.a(_clear_bss.o)
 .bss           0x00000000        0x0 /cygdrive/c/ARDUIN~1.0/hardware/tools/avr/bin/../lib/gcc/avr/4.8.1/avr5/libgcc.a(_clear_bss.o)
 .text.libgcc.mul
                0x00000000        0x0 /cygdrive/c/ARDUIN~1.0/hardware/tools/avr/bin/../lib/gcc/avr/4.8.1/avr5/libgcc.a(_clear_bss.o)
 .text.libgcc.div
                0x00000000        0x0 /cygdrive/c/ARDUIN~1.0/hardware/tools/avr/bin/../lib/gcc/avr/4.8.1/avr5/libgcc.a(_clear_bss.o)
 .text.libgcc   0x00000000        0x0 /cygdrive/c/ARDUIN~1.0/hardware/tools/avr/bin/../lib/gcc/avr/4.8.1/avr5/libgcc.a(_clear_bss.o)
 .text.libgcc.prologue
                0x00000000        0x0 /cygdrive/c/ARDUIN~1.0/hardware/tools/avr/bin/../lib/gcc/avr/4.8.1/avr5/libgcc.a(_clear_bss.o)
 .text.libgcc.builtins
                0x00000000        0x0 /cygdrive/c/ARDUIN~1.0/hardware/tools/avr/bin/../lib/gcc/avr/4.8.1/avr5/libgcc.a(_clear_bss.o)
 .text.libgcc.fmul
                0x00000000        0x0 /cygdrive/c/ARDUIN~1.0/hardware/tools/avr/bin/../lib/gcc/avr/4.8.1/avr5/libgcc.a(_clear_bss.o)
 .text.libgcc.fixed
                0x00000000        0x0 /cygdrive/c/ARDUIN~1.0/hardware/tools/avr/bin/../lib/gcc/avr/4.8.1/avr5/libgcc.a(_clear_bss.o)
 .text          0x00000000        0x0 /cygdrive/c/ARDUIN~1.0/hardware/tools/avr/bin/../lib/gcc/avr/4.8.1/avr5/libgcc.a(_ctors.o)
 .bss           0x00000000        0x0 /cygdrive/c/ARDUIN~1.0/hardware/tools/avr/bin/../lib/gcc/avr/4.8.1/avr5/libgcc.a(_ctors.o)
 .text.libgcc.mul
                0x00000000        0x0 /cygdrive/c/ARDUIN~1.0/hardware/tools/avr/bin/../lib/gcc/avr/4.8.1/avr5/libgcc.a(_ctors.o)
 .text.libgcc.div
                0x00000000        0x0 /cygdrive/c/ARDUIN~1.0/hardware/tools/avr/bin/../lib/gcc/avr/4.8.1/avr5/libgcc.a(_ctors.o)
 .text.libgcc   0x00000000        0x0 /cygdrive/c/ARDUIN~1.0/hardware/tools/avr/bin/../lib/gcc/avr/4.8.1/avr5/libgcc.a(_ctors.o)
 .text.libgcc.prologue
                0x00000000        0x0 /cygdrive/c/ARDUIN~1.0/hardware/tools/avr/bin/../lib/gcc/avr/4.8.1/avr5/libgcc.a(_ctors.o)
 .text.libgcc.builtins
                0x00000000        0x0 /cygdrive/c/ARDUIN~1.0/hardware/tools/avr/bin/../lib/gcc/avr/4.8.1/avr5/libgcc.a(_ctors.o)
 .text.libgcc.fmul
                0x00000000        0x0 /cygdrive/c/ARDUIN~1.0/hardware/tools/avr/bin/../lib/gcc/avr/4.8.1/avr5/libgcc.a(_ctors.o)
 .text.libgcc.fixed
                0x00000000        0x0 /cygdrive/c/ARDUIN~1.0/hardware/tools/avr/bin/../lib/gcc/avr/4.8.1/avr5/libgcc.a(_ctors.o)
 .text          0x00000000        0x0 /cygdrive/c/ARDUIN~1.0/hardware/tools/avr/bin/../lib/gcc/avr/4.8.1/../../../../avr/lib/avr5/libc.a(abort.o)
 .bss           0x00000000        0x0 /cygdrive/c/ARDUIN~1.0/hardware/tools/avr/bin/../lib/gcc/avr/4.8.1/../../../../avr/lib/avr5/libc.a(abort.o)
 .text.avr-libc
                0x00000000        0xa /cygdrive/c/ARDUIN~1.0/hardware/tools/avr/bin/../lib/gcc/avr/4.8.1/../../../../avr/lib/avr5/libc.a(abort.o)

Memory Configuration

Name             Origin             Length             Attributes
text             0x00000000         0x00020000         xr
data             0x00800060         0x0000ffa0         rw !x
eeprom           0x00810000         0x00010000         rw !x
fuse             0x00820000         0x00000400         rw !x
lock             0x00830000         0x00000400         rw !x
signature        0x00840000         0x00000400         rw !x
user_signatures  0x00850000         0x00000400         rw !x
*default*        0x00000000         0xffffffff

Linker script and memory map

Address of section .data set to 0x800100
LOAD /cygdrive/c/ARDUIN~1.0/hardware/tools/avr/bin/../lib/gcc/avr/4.8.1/../../../../avr/lib/avr5/crtm328p.o
LOAD obj/eecfg.o
LOAD obj/code.o
LOAD obj/task.o
LOAD obj/can.o
LOAD obj/serial.o
LOAD ./libee.a
LOAD libarduinosdk.a
LOAD /cygdrive/c/ARDUIN~1.0/hardware/tools/avr/bin/../lib/gcc/avr/4.8.1/../../../../avr/lib/avr5/libm.a
START GROUP
LOAD /cygdrive/c/ARDUIN~1.0/hardware/tools/avr/bin/../lib/gcc/avr/4.8.1/avr5/libgcc.a
LOAD /cygdrive/c/ARDUIN~1.0/hardware/tools/avr/bin/../lib/gcc/avr/4.8.1/../../../../avr/lib/avr5/libm.a
LOAD /cygdrive/c/ARDUIN~1.0/hardware/tools/avr/bin/../lib/gcc/avr/4.8.1/../../../../avr/lib/avr5/libc.a
END GROUP

.hash
 *(.hash)

.dynsym
 *(.dynsym)

.dynstr
 *(.dynstr)

.gnu.version
 *(.gnu.version)

.gnu.version_d
 *(.gnu.version_d)

.gnu.version_r
 *(.gnu.version_r)

.rel.init
 *(.rel.init)

.rela.init
 *(.rela.init)

.rel.text
 *(.rel.text)
 *(.rel.text.*)
 *(.rel.gnu.linkonce.t*)

.rela.text
 *(.rela.text)
 *(.rela.text.*)
 *(.rela.gnu.linkonce.t*)

.rel.fini
 *(.rel.fini)

.rela.fini
 *(.rela.fini)

.rel.rodata
 *(.rel.rodata)
 *(.rel.rodata.*)
 *(.rel.gnu.linkonce.r*)

.rela.rodata
 *(.rela.rodata)
 *(.rela.rodata.*)
 *(.rela.gnu.linkonce.r*)

.rel.data
 *(.rel.data)
 *(.rel.data.*)
 *(.rel.gnu.linkonce.d*)

.rela.data
 *(.rela.data)
 *(.rela.data.*)
 *(.rela.gnu.linkonce.d*)

.rel.ctors
 *(.rel.ctors)

.rela.ctors
 *(.rela.ctors)

.rel.dtors
 *(.rel.dtors)

.rela.dtors
 *(.rela.dtors)

.rel.got
 *(.rel.got)

.rela.got
 *(.rela.got)

.rel.bss
 *(.rel.bss)

.rela.bss
 *(.rela.bss)

.rel.plt
 *(.rel.plt)

.rela.plt
 *(.rela.plt)

.text           0x00000000     0x22d8
 *(.vectors)
 .vectors       0x00000000       0x68 /cygdrive/c/ARDUIN~1.0/hardware/tools/avr/bin/../lib/gcc/avr/4.8.1/../../../../avr/lib/avr5/crtm328p.o
                0x00000000                __vectors
                0x00000000                __vector_default
 *(.vectors)
 *(.progmem.gcc*)
 .progmem.gcc_sw_table._ZN7MCP_CAN18mcp2515_configRateEh
                0x00000068       0x1e libarduinosdk.a(mcp_can.o)
                0x00000086                . = ALIGN (0x2)
                0x00000086                __trampolines_start = .
 *(.trampolines)
 .trampolines   0x00000086        0x0 linker stubs
 *(.trampolines*)
                0x00000086                __trampolines_end = .
 *(.progmem*)
 .progmem.data.digital_pin_to_timer_PGM
                0x00000086       0x14 libarduinosdk.a(wiring_digital.o)
                0x00000086                digital_pin_to_timer_PGM
 .progmem.data.digital_pin_to_bit_mask_PGM
                0x0000009a       0x14 libarduinosdk.a(wiring_digital.o)
                0x0000009a                digital_pin_to_bit_mask_PGM
 .progmem.data.digital_pin_to_port_PGM
                0x000000ae       0x14 libarduinosdk.a(wiring_digital.o)
                0x000000ae                digital_pin_to_port_PGM
 .progmem.data.port_to_output_PGM
                0x000000c2        0xa libarduinosdk.a(wiring_digital.o)
                0x000000c2                port_to_output_PGM
 .progmem.data.port_to_mode_PGM
                0x000000cc        0xa libarduinosdk.a(wiring_digital.o)
                0x000000cc                port_to_mode_PGM
                0x000000d6                . = ALIGN (0x2)
 *(.jumptables)
 *(.jumptables*)
 *(.lowtext)
 *(.lowtext*)
                0x000000d6                __ctors_start = .
 *(.ctors)
 .ctors         0x000000d6        0x2 obj/code.o
 .ctors         0x000000d8        0x2 libarduinosdk.a(HardwareSerial0.o)
                0x000000da                __ctors_end = .
                0x000000da                __dtors_start = .
 *(.dtors)
                0x000000da                __dtors_end = .
 SORT(*)(.ctors)
 SORT(*)(.dtors)
 *(.init0)
 .init0         0x000000da        0x0 /cygdrive/c/ARDUIN~1.0/hardware/tools/avr/bin/../lib/gcc/avr/4.8.1/../../../../avr/lib/avr5/crtm328p.o
                0x000000da                __init
 *(.init0)
 *(.init1)
 *(.init1)
 *(.init2)
 .init2         0x000000da        0xc /cygdrive/c/ARDUIN~1.0/hardware/tools/avr/bin/../lib/gcc/avr/4.8.1/../../../../avr/lib/avr5/crtm328p.o
 *(.init2)
 *(.init3)
 *(.init3)
 *(.init4)
 .init4         0x000000e6       0x16 /cygdrive/c/ARDUIN~1.0/hardware/tools/avr/bin/../lib/gcc/avr/4.8.1/avr5/libgcc.a(_copy_data.o)
                0x000000e6                __do_copy_data
 .init4         0x000000fc       0x10 /cygdrive/c/ARDUIN~1.0/hardware/tools/avr/bin/../lib/gcc/avr/4.8.1/avr5/libgcc.a(_clear_bss.o)
                0x000000fc                __do_clear_bss
 *(.init4)
 *(.init5)
 *(.init5)
 *(.init6)
 .init6         0x0000010c       0x16 /cygdrive/c/ARDUIN~1.0/hardware/tools/avr/bin/../lib/gcc/avr/4.8.1/avr5/libgcc.a(_ctors.o)
                0x0000010c                __do_global_ctors
 *(.init6)
 *(.init7)
 *(.init7)
 *(.init8)
 *(.init8)
 *(.init9)
 .init9         0x00000122        0x8 /cygdrive/c/ARDUIN~1.0/hardware/tools/avr/bin/../lib/gcc/avr/4.8.1/../../../../avr/lib/avr5/crtm328p.o
 *(.init9)
 *(.text)
 .text          0x0000012a        0x4 /cygdrive/c/ARDUIN~1.0/hardware/tools/avr/bin/../lib/gcc/avr/4.8.1/../../../../avr/lib/avr5/crtm328p.o
                0x0000012a                __vector_20
                0x0000012a                __vector_1
                0x0000012a                __vector_24
                0x0000012a                __vector_12
                0x0000012a                __bad_interrupt
                0x0000012a                __vector_6
                0x0000012a                __vector_3
                0x0000012a                __vector_23
                0x0000012a                __vector_25
                0x0000012a                __vector_11
                0x0000012a                __vector_13
                0x0000012a                __vector_17
                0x0000012a                __vector_5
                0x0000012a                __vector_4
                0x0000012a                __vector_9
                0x0000012a                __vector_2
                0x0000012a                __vector_21
                0x0000012a                __vector_15
                0x0000012a                __vector_8
                0x0000012a                __vector_14
                0x0000012a                __vector_10
                0x0000012a                __vector_22
 .text          0x0000012e       0x66 ./libee.a(ee_avr8_oo.o)
                0x0000012e                EE_avr8_terminate_savestk
                0x00000164                EE_avr8_terminate_task
                0x00000194                . = ALIGN (0x2)
 *(.text.*)
 .text._Z16setup_every250uSv
                0x00000194       0x18 obj/code.o
                0x00000194                _Z16setup_every250uSv
 .text.setup    0x000001ac       0x38 obj/code.o
                0x000001ac                setup
 .text.startup.main
                0x000001e4       0x22 obj/code.o
                0x000001e4                main
 .text.startup._GLOBAL__sub_I_CAN
                0x00000206        0xa obj/code.o
 .text.isr      0x00000210       0x70 obj/task.o
                0x00000210                isr
 .text.FuncRCV  0x00000280      0x1ce obj/task.o
                0x00000280                FuncRCV
 .text.FuncCC   0x0000044e      0x156 obj/task.o
                0x0000044e                FuncCC
 .text.Calculate_Steer_Value
                0x000005a4      0x116 obj/task.o
                0x000005a4                Calculate_Steer_Value
 .text.FuncLKAS
                0x000006ba      0x182 obj/task.o
                0x000006ba                FuncLKAS
 .text.CAN_initialize
                0x0000083c        0xa obj/can.o
                0x0000083c                CAN_initialize
 .text.CAN_write
                0x00000846       0x20 obj/can.o
                0x00000846                CAN_write
 .text.CAN_read
                0x00000866        0xe obj/can.o
                0x00000866                CAN_read
 .text.EE_oo_TerminateTask
                0x00000874       0x32 ./libee.a(ee_terminat.o)
                0x00000874                EE_oo_TerminateTask
 .text.EE_oo_thread_stub
                0x000008a6       0x28 ./libee.a(ee_tstub.o)
                0x000008a6                EE_oo_thread_stub
 .text.EE_oo_StartOS
                0x000008ce       0xd8 ./libee.a(ee_startos.o)
                0x000008ce                EE_oo_StartOS
 .text.EE_rq_queryfirst
                0x000009a6       0x2e ./libee.a(ee_rq_first.o)
                0x000009a6                EE_rq_queryfirst
 .text.EE_oo_counter_object_insert
                0x000009d4       0x8a ./libee.a(ee_altick.o)
                0x000009d4                EE_oo_counter_object_insert
 .text.EE_oo_IncrementCounterImplementation
                0x00000a5e      0x14a ./libee.a(ee_altick.o)
                0x00000a5e                EE_oo_IncrementCounterImplementation
 .text.EE_oo_IncrementCounter
                0x00000ba8       0x76 ./libee.a(ee_altick.o)
                0x00000ba8                EE_oo_IncrementCounter
 .text.DUMMY_vect
                0x00000c1e        0x4 ./libee.a(ee_intvect.o)
                0x00000c1e                tag_DUMMY_vect
                0x00000c1e                DUMMY_vect
 .text.EE_atmega_intvect
                0x00000c22        0x4 ./libee.a(ee_intvect.o)
                0x00000c22                EE_atmega_intvect
 .text.__vector_7
                0x00000c26       0x12 ./libee.a(ee_intvect.o)
                0x00000c26                __vector_7
                0x00000c26                tag___vector_7
 .text.EE_avr8_isr2_stub
                0x00000c38       0x7c ./libee.a(ee_avr8_irqstub.o)
                0x00000c38                EE_avr8_isr2_stub
 .text.EE_std_run_task_code
                0x00000cb4       0x12 ./libee.a(ee_context.o)
                0x00000cb4                EE_std_run_task_code
 .text.EE_thread_end_instance
                0x00000cc6       0xd8 ./libee.a(ee_thendin.o)
                0x00000cc6                EE_thread_end_instance
 .text.EE_IRQ_end_instance
                0x00000d9e       0x58 ./libee.a(ee_irqendin.o)
                0x00000d9e                EE_IRQ_end_instance
 .text.EE_IRQ_end_post_stub
                0x00000df6        0xc ./libee.a(ee_irqendin.o)
                0x00000df6                EE_IRQ_end_post_stub
 .text.EE_thread_not_terminated
                0x00000e02       0x30 ./libee.a(ee_tnterm.o)
                0x00000e02                EE_thread_not_terminated
 .text.EE_rq2stk_exchange
                0x00000e32       0x82 ./libee.a(ee_rq_exchg.o)
                0x00000e32                EE_rq2stk_exchange
 .text.EE_rq_insert
                0x00000eb4       0x6e ./libee.a(ee_rq_inser.o)
                0x00000eb4                EE_rq_insert
 .text.__vector_16
                0x00000f22       0x94 libarduinosdk.a(wiring.o)
                0x00000f22                __vector_16
 .text.micros   0x00000fb6       0x46 libarduinosdk.a(wiring.o)
                0x00000fb6                micros
 .text.delay    0x00000ffc       0x50 libarduinosdk.a(wiring.o)
                0x00000ffc                delay
 .text.init     0x0000104c       0x76 libarduinosdk.a(wiring.o)
                0x0000104c                init
 .text._ZN14HardwareSerial9availableEv
                0x000010c2       0x16 libarduinosdk.a(HardwareSerial.o)
                0x000010c2                _ZN14HardwareSerial9availableEv
 .text._ZN14HardwareSerial4peekEv
                0x000010d8       0x1c libarduinosdk.a(HardwareSerial.o)
                0x000010d8                _ZN14HardwareSerial4peekEv
 .text._ZN14HardwareSerial4readEv
                0x000010f4       0x28 libarduinosdk.a(HardwareSerial.o)
                0x000010f4                _ZN14HardwareSerial4readEv
 .text._Z14serialEventRunv
                0x0000111c       0x1c libarduinosdk.a(HardwareSerial.o)
                0x0000111c                _Z14serialEventRunv
 .text._ZN14HardwareSerial17_tx_udr_empty_irqEv
                0x00001138       0x42 libarduinosdk.a(HardwareSerial.o)
                0x00001138                _ZN14HardwareSerial17_tx_udr_empty_irqEv
 .text._ZN14HardwareSerial5flushEv
                0x0000117a       0x44 libarduinosdk.a(HardwareSerial.o)
                0x0000117a                _ZN14HardwareSerial5flushEv
 .text._ZN14HardwareSerial5writeEh
                0x000011be       0xca libarduinosdk.a(HardwareSerial.o)
                0x000011be                _ZN14HardwareSerial5writeEh
 .text._ZN14HardwareSerial5beginEmh
                0x00001288       0xc4 libarduinosdk.a(HardwareSerial.o)
                0x00001288                _ZN14HardwareSerial5beginEmh
 .text._ZN5Print5writeEPKhj
                0x0000134c       0x50 libarduinosdk.a(Print.o)
                0x0000134c                _ZN5Print5writeEPKhj
 .text._ZN5Print5writeEPKc
                0x0000139c       0x2c libarduinosdk.a(Print.o)
                0x0000139c                _ZN5Print5writeEPKc
 .text._ZN5Print5printEc
                0x000013c8        0xe libarduinosdk.a(Print.o)
                0x000013c8                _ZN5Print5printEc
 .text._ZN5Print7printlnEv
                0x000013d6       0x28 libarduinosdk.a(Print.o)
                0x000013d6                _ZN5Print7printlnEv
 .text._ZN5Print7printlnEPKc
                0x000013fe       0x24 libarduinosdk.a(Print.o)
                0x000013fe                _ZN5Print7printlnEPKc
 .text.__empty  0x00001422        0x2 libarduinosdk.a(hooks.o)
                0x00001422                yield
 .text.__vector_18
                0x00001424       0x64 libarduinosdk.a(HardwareSerial0.o)
                0x00001424                __vector_18
 .text.__vector_19
                0x00001488       0x4c libarduinosdk.a(HardwareSerial0.o)
                0x00001488                __vector_19
 .text._Z17Serial0_availablev
                0x000014d4       0x14 libarduinosdk.a(HardwareSerial0.o)
                0x000014d4                _Z17Serial0_availablev
 .text.startup._GLOBAL__sub_I___vector_18
                0x000014e8       0x86 libarduinosdk.a(HardwareSerial0.o)
 .text._ZN8SPIClass8transferEh
                0x0000156e        0xe libarduinosdk.a(mcp_can.o)
                0x0000156e                _ZN8SPIClass8transferEh
 .text._ZN7MCP_CAN13mcp2515_resetEv
                0x0000157c       0x2c libarduinosdk.a(mcp_can.o)
                0x0000157c                _ZN7MCP_CAN13mcp2515_resetEv
 .text._ZN7MCP_CAN20mcp2515_readRegisterEh
                0x000015a8       0x38 libarduinosdk.a(mcp_can.o)
                0x000015a8                _ZN7MCP_CAN20mcp2515_readRegisterEh
 .text._ZN7MCP_CAN21mcp2515_readRegisterSEhPhh
                0x000015e0       0x78 libarduinosdk.a(mcp_can.o)
                0x000015e0                _ZN7MCP_CAN21mcp2515_readRegisterSEhPhh
 .text._ZN7MCP_CAN19mcp2515_setRegisterEhh
                0x00001658       0x4a libarduinosdk.a(mcp_can.o)
                0x00001658                _ZN7MCP_CAN19mcp2515_setRegisterEhh
 .text._ZN7MCP_CAN20mcp2515_setRegisterSEhPKhh
                0x000016a2       0x72 libarduinosdk.a(mcp_can.o)
                0x000016a2                _ZN7MCP_CAN20mcp2515_setRegisterSEhPKhh
 .text._ZN7MCP_CAN22mcp2515_modifyRegisterEhhh
                0x00001714       0x56 libarduinosdk.a(mcp_can.o)
                0x00001714                _ZN7MCP_CAN22mcp2515_modifyRegisterEhhh
 .text._ZN7MCP_CAN18mcp2515_readStatusEv
                0x0000176a       0x30 libarduinosdk.a(mcp_can.o)
                0x0000176a                _ZN7MCP_CAN18mcp2515_readStatusEv
 .text._ZN7MCP_CAN23mcp2515_setCANCTRL_ModeEh
                0x0000179a       0x30 libarduinosdk.a(mcp_can.o)
                0x0000179a                _ZN7MCP_CAN23mcp2515_setCANCTRL_ModeEh
 .text._ZN7MCP_CAN18mcp2515_configRateEh
                0x000017ca       0xb6 libarduinosdk.a(mcp_can.o)
                0x000017ca                _ZN7MCP_CAN18mcp2515_configRateEh
 .text._ZN7MCP_CAN22mcp2515_initCANBuffersEv
                0x00001880       0x4c libarduinosdk.a(mcp_can.o)
                0x00001880                _ZN7MCP_CAN22mcp2515_initCANBuffersEv
 .text._ZN7MCP_CAN12mcp2515_initEh
                0x000018cc       0xa0 libarduinosdk.a(mcp_can.o)
                0x000018cc                _ZN7MCP_CAN12mcp2515_initEh
 .text._ZN7MCP_CAN16mcp2515_write_idEhhm
                0x0000196c       0x78 libarduinosdk.a(mcp_can.o)
                0x0000196c                _ZN7MCP_CAN16mcp2515_write_idEhhm
 .text._ZN7MCP_CAN15mcp2515_read_idEhPhPm
                0x000019e4       0xc4 libarduinosdk.a(mcp_can.o)
                0x000019e4                _ZN7MCP_CAN15mcp2515_read_idEhPhPm
 .text._ZN7MCP_CAN20mcp2515_write_canMsgEh
                0x00001aa8       0x54 libarduinosdk.a(mcp_can.o)
                0x00001aa8                _ZN7MCP_CAN20mcp2515_write_canMsgEh
 .text._ZN7MCP_CAN19mcp2515_read_canMsgEh
                0x00001afc       0x5a libarduinosdk.a(mcp_can.o)
                0x00001afc                _ZN7MCP_CAN19mcp2515_read_canMsgEh
 .text._ZN7MCP_CAN22mcp2515_start_transmitEh
                0x00001b56        0xa libarduinosdk.a(mcp_can.o)
                0x00001b56                _ZN7MCP_CAN22mcp2515_start_transmitEh
 .text._ZN7MCP_CAN24mcp2515_getNextFreeTXBufEPh
                0x00001b60       0x86 libarduinosdk.a(mcp_can.o)
                0x00001b60                _ZN7MCP_CAN24mcp2515_getNextFreeTXBufEPh
 .text._ZN7MCP_CANC2Eh
                0x00001be6       0x1c libarduinosdk.a(mcp_can.o)
                0x00001be6                _ZN7MCP_CANC1Eh
                0x00001be6                _ZN7MCP_CANC2Eh
 .text._ZN7MCP_CAN5beginEh
                0x00001c02       0x36 libarduinosdk.a(mcp_can.o)
                0x00001c02                _ZN7MCP_CAN5beginEh
 .text._ZN7MCP_CAN6setMsgEmhhPh
                0x00001c38       0x3e libarduinosdk.a(mcp_can.o)
                0x00001c38                _ZN7MCP_CAN6setMsgEmhhPh
 .text._ZN7MCP_CAN7sendMsgEv
                0x00001c76       0x90 libarduinosdk.a(mcp_can.o)
                0x00001c76                _ZN7MCP_CAN7sendMsgEv
 .text._ZN7MCP_CAN10sendMsgBufEmhhPh
                0x00001d06       0x20 libarduinosdk.a(mcp_can.o)
                0x00001d06                _ZN7MCP_CAN10sendMsgBufEmhhPh
 .text._ZN7MCP_CAN7readMsgEv
                0x00001d26       0x40 libarduinosdk.a(mcp_can.o)
                0x00001d26                _ZN7MCP_CAN7readMsgEv
 .text._ZN7MCP_CAN12readMsgBufIDEPmPhS1_
                0x00001d66       0x96 libarduinosdk.a(mcp_can.o)
                0x00001d66                _ZN7MCP_CAN12readMsgBufIDEPmPhS1_
 .text._ZN8SPIClass5beginEv
                0x00001dfc       0x4a libarduinosdk.a(SPI.o)
                0x00001dfc                _ZN8SPIClass5beginEv
 .text.turnOffPWM
                0x00001e46       0x52 libarduinosdk.a(wiring_digital.o)
 .text.pinMode  0x00001e98       0x72 libarduinosdk.a(wiring_digital.o)
                0x00001e98                pinMode
 .text.digitalWrite
                0x00001f0a       0x6c libarduinosdk.a(wiring_digital.o)
                0x00001f0a                digitalWrite
 .text.avr-libc.fplib
                0x00001f76        0xa /cygdrive/c/ARDUIN~1.0/hardware/tools/avr/bin/../lib/gcc/avr/4.8.1/../../../../avr/lib/avr5/libm.a(addsf3.o)
                0x00001f76                __subsf3
                0x00001f78                __addsf3
 .text.avr-libc.fplib
                0x00001f80       0xc0 /cygdrive/c/ARDUIN~1.0/hardware/tools/avr/bin/../lib/gcc/avr/4.8.1/../../../../avr/lib/avr5/libm.a(addsf3x.o)
                0x00001f9a                __addsf3x
 .text.avr-libc.fplib
                0x00002040        0x8 /cygdrive/c/ARDUIN~1.0/hardware/tools/avr/bin/../lib/gcc/avr/4.8.1/../../../../avr/lib/avr5/libm.a(cmpsf2.o)
                0x00002040                __lesf2
                0x00002040                __nesf2
                0x00002040                __eqsf2
                0x00002040                __cmpsf2
                0x00002040                __ltsf2
 .text.avr-libc.fplib
                0x00002048        0x4 /cygdrive/c/ARDUIN~1.0/hardware/tools/avr/bin/../lib/gcc/avr/4.8.1/../../../../avr/lib/avr5/libm.a(divsf3.o)
                0x00002048                __divsf3
 .text.avr-libc.fplib
                0x0000204c       0xcc /cygdrive/c/ARDUIN~1.0/hardware/tools/avr/bin/../lib/gcc/avr/4.8.1/../../../../avr/lib/avr5/libm.a(divsf3x.o)
                0x00002062                __divsf3x
                0x00002066                __divsf3_pse
 .text.avr-libc.fplib
                0x00002118       0x7a /cygdrive/c/ARDUIN~1.0/hardware/tools/avr/bin/../lib/gcc/avr/4.8.1/../../../../avr/lib/avr5/libm.a(floatsisf.o)
                0x00002118                __floatunsisf
                0x0000211c                __floatsisf
 .text.avr-libc.fplib
                0x00002192       0x48 /cygdrive/c/ARDUIN~1.0/hardware/tools/avr/bin/../lib/gcc/avr/4.8.1/../../../../avr/lib/avr5/libm.a(fp_cmp.o)
                0x00002192                __fp_cmp
 .text.avr-libc.fplib
                0x000021da        0xc /cygdrive/c/ARDUIN~1.0/hardware/tools/avr/bin/../lib/gcc/avr/4.8.1/../../../../avr/lib/avr5/libm.a(fp_inf.o)
                0x000021da                __fp_inf
 .text.avr-libc.fplib
                0x000021e6        0x6 /cygdrive/c/ARDUIN~1.0/hardware/tools/avr/bin/../lib/gcc/avr/4.8.1/../../../../avr/lib/avr5/libm.a(fp_nan.o)
                0x000021e6                __fp_nan
 .text.avr-libc.fplib
                0x000021ec        0xe /cygdrive/c/ARDUIN~1.0/hardware/tools/avr/bin/../lib/gcc/avr/4.8.1/../../../../avr/lib/avr5/libm.a(fp_pscA.o)
                0x000021ec                __fp_pscA
 .text.avr-libc.fplib
                0x000021fa        0xe /cygdrive/c/ARDUIN~1.0/hardware/tools/avr/bin/../lib/gcc/avr/4.8.1/../../../../avr/lib/avr5/libm.a(fp_pscB.o)
                0x000021fa                __fp_pscB
 .text.avr-libc.fplib
                0x00002208       0x22 /cygdrive/c/ARDUIN~1.0/hardware/tools/avr/bin/../lib/gcc/avr/4.8.1/../../../../avr/lib/avr5/libm.a(fp_round.o)
                0x00002208                __fp_round
 .text.avr-libc.fplib
                0x0000222a       0x44 /cygdrive/c/ARDUIN~1.0/hardware/tools/avr/bin/../lib/gcc/avr/4.8.1/../../../../avr/lib/avr5/libm.a(fp_split3.o)
                0x0000222a                __fp_split3
                0x0000223a                __fp_splitA
 .text.avr-libc.fplib
                0x0000226e        0xe /cygdrive/c/ARDUIN~1.0/hardware/tools/avr/bin/../lib/gcc/avr/4.8.1/../../../../avr/lib/avr5/libm.a(fp_zero.o)
                0x0000226e                __fp_zero
                0x00002270                __fp_szero
 .text.avr-libc.fplib
                0x0000227c        0x8 /cygdrive/c/ARDUIN~1.0/hardware/tools/avr/bin/../lib/gcc/avr/4.8.1/../../../../avr/lib/avr5/libm.a(gesf2.o)
                0x0000227c                __gtsf2
                0x0000227c                __gesf2
 .text.libgcc.div
                0x00002284       0x44 /cygdrive/c/ARDUIN~1.0/hardware/tools/avr/bin/../lib/gcc/avr/4.8.1/avr5/libgcc.a(_udivmodsi4.o)
                0x00002284                __udivmodsi4
 .text.libgcc   0x000022c8        0xc /cygdrive/c/ARDUIN~1.0/hardware/tools/avr/bin/../lib/gcc/avr/4.8.1/avr5/libgcc.a(_tablejump.o)
                0x000022c8                __tablejump2__
                0x000022cc                __tablejump__
                0x000022d4                . = ALIGN (0x2)
 *(.fini9)
 .fini9         0x000022d4        0x0 /cygdrive/c/ARDUIN~1.0/hardware/tools/avr/bin/../lib/gcc/avr/4.8.1/avr5/libgcc.a(_exit.o)
                0x000022d4                exit
                0x000022d4                _exit
 *(.fini9)
 *(.fini8)
 *(.fini8)
 *(.fini7)
 *(.fini7)
 *(.fini6)
 *(.fini6)
 *(.fini5)
 *(.fini5)
 *(.fini4)
 *(.fini4)
 *(.fini3)
 *(.fini3)
 *(.fini2)
 *(.fini2)
 *(.fini1)
 *(.fini1)
 *(.fini0)
 .fini0         0x000022d4        0x4 /cygdrive/c/ARDUIN~1.0/hardware/tools/avr/bin/../lib/gcc/avr/4.8.1/avr5/libgcc.a(_exit.o)
 *(.fini0)
                0x000022d8                _etext = .

.data           0x00800100      0x1b2 load address 0x000022d8
                0x00800100                PROVIDE (__data_start, .)
 *(.data)
 .data          0x00800100        0x0 /cygdrive/c/ARDUIN~1.0/hardware/tools/avr/bin/../lib/gcc/avr/4.8.1/../../../../avr/lib/avr5/crtm328p.o
 .data          0x00800100        0x0 obj/eecfg.o
 .data          0x00800100        0x0 obj/code.o
 .data          0x00800100        0x0 obj/task.o
 .data          0x00800100        0x0 obj/can.o
 .data          0x00800100        0x0 obj/serial.o
 .data          0x00800100        0x0 ./libee.a(ee_terminat.o)
 .data          0x00800100        0x0 ./libee.a(ee_tstub.o)
 .data          0x00800100        0x0 ./libee.a(ee_startos.o)
 .data          0x00800100        0x0 ./libee.a(ee_rq_first.o)
 .data          0x00800100        0x0 ./libee.a(ee_altick.o)
 .data          0x00800100        0x0 ./libee.a(ee_intvect.o)
 .data          0x00800100        0x0 ./libee.a(ee_avr8_irqstub.o)
 .data          0x00800100        0x0 ./libee.a(ee_avr8_oo.o)
 .data          0x00800100        0x0 ./libee.a(ee_hal_structs.o)
 .data          0x00800100        0x0 ./libee.a(ee_context.o)
 .data          0x00800100        0x0 ./libee.a(ee_thendin.o)
 .data          0x00800100        0x0 ./libee.a(ee_irqendin.o)
 .data          0x00800100        0x0 ./libee.a(ee_tnterm.o)
 .data          0x00800100        0x0 ./libee.a(ee_lookup.o)
 .data          0x00800100        0x0 ./libee.a(ee_rq_exchg.o)
 .data          0x00800100        0x0 ./libee.a(ee_rq_inser.o)
 .data          0x00800100        0x0 libarduinosdk.a(wiring.o)
 .data          0x00800100        0x0 libarduinosdk.a(HardwareSerial.o)
 .data          0x00800100        0x0 libarduinosdk.a(Print.o)
 .data          0x00800100        0x0 libarduinosdk.a(hooks.o)
 .data          0x00800100        0x0 libarduinosdk.a(abi.o)
 .data          0x00800100        0x0 libarduinosdk.a(HardwareSerial0.o)
 .data          0x00800100        0x0 libarduinosdk.a(mcp_can.o)
 .data          0x00800100        0x0 libarduinosdk.a(SPI.o)
 .data          0x00800100        0x0 libarduinosdk.a(wiring_digital.o)
 .data          0x00800100        0x0 /cygdrive/c/ARDUIN~1.0/hardware/tools/avr/bin/../lib/gcc/avr/4.8.1/../../../../avr/lib/avr5/libm.a(addsf3.o)
 .data          0x00800100        0x0 /cygdrive/c/ARDUIN~1.0/hardware/tools/avr/bin/../lib/gcc/avr/4.8.1/../../../../avr/lib/avr5/libm.a(addsf3x.o)
 .data          0x00800100        0x0 /cygdrive/c/ARDUIN~1.0/hardware/tools/avr/bin/../lib/gcc/avr/4.8.1/../../../../avr/lib/avr5/libm.a(cmpsf2.o)
 .data          0x00800100        0x0 /cygdrive/c/ARDUIN~1.0/hardware/tools/avr/bin/../lib/gcc/avr/4.8.1/../../../../avr/lib/avr5/libm.a(divsf3.o)
 .data          0x00800100        0x0 /cygdrive/c/ARDUIN~1.0/hardware/tools/avr/bin/../lib/gcc/avr/4.8.1/../../../../avr/lib/avr5/libm.a(divsf3x.o)
 .data          0x00800100        0x0 /cygdrive/c/ARDUIN~1.0/hardware/tools/avr/bin/../lib/gcc/avr/4.8.1/../../../../avr/lib/avr5/libm.a(fixsfsi.o)
 .data          0x00800100        0x0 /cygdrive/c/ARDUIN~1.0/hardware/tools/avr/bin/../lib/gcc/avr/4.8.1/../../../../avr/lib/avr5/libm.a(fixunssfsi.o)
 .data          0x00800100        0x0 /cygdrive/c/ARDUIN~1.0/hardware/tools/avr/bin/../lib/gcc/avr/4.8.1/../../../../avr/lib/avr5/libm.a(floatsisf.o)
 .data          0x00800100        0x0 /cygdrive/c/ARDUIN~1.0/hardware/tools/avr/bin/../lib/gcc/avr/4.8.1/../../../../avr/lib/avr5/libm.a(fp_cmp.o)
 .data          0x00800100        0x0 /cygdrive/c/ARDUIN~1.0/hardware/tools/avr/bin/../lib/gcc/avr/4.8.1/../../../../avr/lib/avr5/libm.a(fp_inf.o)
 .data          0x00800100        0x0 /cygdrive/c/ARDUIN~1.0/hardware/tools/avr/bin/../lib/gcc/avr/4.8.1/../../../../avr/lib/avr5/libm.a(fp_nan.o)
 .data          0x00800100        0x0 /cygdrive/c/ARDUIN~1.0/hardware/tools/avr/bin/../lib/gcc/avr/4.8.1/../../../../avr/lib/avr5/libm.a(fp_pscA.o)
 .data          0x00800100        0x0 /cygdrive/c/ARDUIN~1.0/hardware/tools/avr/bin/../lib/gcc/avr/4.8.1/../../../../avr/lib/avr5/libm.a(fp_pscB.o)
 .data          0x00800100        0x0 /cygdrive/c/ARDUIN~1.0/hardware/tools/avr/bin/../lib/gcc/avr/4.8.1/../../../../avr/lib/avr5/libm.a(fp_round.o)
 .data          0x00800100        0x0 /cygdrive/c/ARDUIN~1.0/hardware/tools/avr/bin/../lib/gcc/avr/4.8.1/../../../../avr/lib/avr5/libm.a(fp_split3.o)
 .data          0x00800100        0x0 /cygdrive/c/ARDUIN~1.0/hardware/tools/avr/bin/../lib/gcc/avr/4.8.1/../../../../avr/lib/avr5/libm.a(fp_zero.o)
 .data          0x00800100        0x0 /cygdrive/c/ARDUIN~1.0/hardware/tools/avr/bin/../lib/gcc/avr/4.8.1/../../../../avr/lib/avr5/libm.a(gesf2.o)
 .data          0x00800100        0x0 /cygdrive/c/ARDUIN~1.0/hardware/tools/avr/bin/../lib/gcc/avr/4.8.1/../../../../avr/lib/avr5/libm.a(mulsf3.o)
 .data          0x00800100        0x0 /cygdrive/c/ARDUIN~1.0/hardware/tools/avr/bin/../lib/gcc/avr/4.8.1/../../../../avr/lib/avr5/libm.a(mulsf3x.o)
 .data          0x00800100        0x0 /cygdrive/c/ARDUIN~1.0/hardware/tools/avr/bin/../lib/gcc/avr/4.8.1/../../../../avr/lib/avr5/libm.a(unordsf2.o)
 .data          0x00800100        0x0 /cygdrive/c/ARDUIN~1.0/hardware/tools/avr/bin/../lib/gcc/avr/4.8.1/avr5/libgcc.a(_udivmodsi4.o)
 .data          0x00800100        0x0 /cygdrive/c/ARDUIN~1.0/hardware/tools/avr/bin/../lib/gcc/avr/4.8.1/avr5/libgcc.a(_exit.o)
 .data          0x00800100        0x0 /cygdrive/c/ARDUIN~1.0/hardware/tools/avr/bin/../lib/gcc/avr/4.8.1/avr5/libgcc.a(_tablejump.o)
 .data          0x00800100        0x0 /cygdrive/c/ARDUIN~1.0/hardware/tools/avr/bin/../lib/gcc/avr/4.8.1/avr5/libgcc.a(_copy_data.o)
 .data          0x00800100        0x0 /cygdrive/c/ARDUIN~1.0/hardware/tools/avr/bin/../lib/gcc/avr/4.8.1/avr5/libgcc.a(_clear_bss.o)
 .data          0x00800100        0x0 /cygdrive/c/ARDUIN~1.0/hardware/tools/avr/bin/../lib/gcc/avr/4.8.1/avr5/libgcc.a(_ctors.o)
 .data          0x00800100        0x0 /cygdrive/c/ARDUIN~1.0/hardware/tools/avr/bin/../lib/gcc/avr/4.8.1/../../../../avr/lib/avr5/libc.a(abort.o)
 *(.data*)
 .data.EE_counter_RAM
                0x00800100        0x2 obj/eecfg.o
                0x00800100                EE_counter_RAM
 .data.EE_th_terminate_nextask
                0x00800102        0x3 obj/eecfg.o
                0x00800102                EE_th_terminate_nextask
 .data.EE_rq_pairs_next
                0x00800105        0x3 obj/eecfg.o
                0x00800105                EE_rq_pairs_next
 .data.EE_th_rnact
                0x00800108        0x3 obj/eecfg.o
                0x00800108                EE_th_rnact
 .data.EE_rq_queues_tail
                0x0080010b        0x8 obj/eecfg.o
                0x0080010b                EE_rq_queues_tail
 .data.EE_rq_queues_head
                0x00800113        0x8 obj/eecfg.o
                0x00800113                EE_rq_queues_head
 .data.EE_stkfirst
                0x0080011b        0x1 obj/eecfg.o
                0x0080011b                EE_stkfirst
 .data.EE_th_next
                0x0080011c        0x3 obj/eecfg.o
                0x0080011c                EE_th_next
 .data.EE_th_status
                0x0080011f        0x3 obj/eecfg.o
                0x0080011f                EE_th_status
 .data.count.2377
                0x00800122        0x2 obj/task.o
 .data.steer_lock
                0x00800124        0x4 obj/task.o
                0x00800124                steer_lock
 *(.rodata)
 *(.rodata*)
 .rodata.EE_oo_autostart_alarm_cycle
                0x00800128        0x3 obj/eecfg.o
                0x00800128                EE_oo_autostart_alarm_cycle
 .rodata.EE_oo_autostart_alarm_increment
                0x0080012b        0x3 obj/eecfg.o
                0x0080012b                EE_oo_autostart_alarm_increment
 .rodata.EE_oo_autostart_alarm_data
                0x0080012e        0x6 obj/eecfg.o
                0x0080012e                EE_oo_autostart_alarm_data
 .rodata.EE_oo_autostart_alarm_mode_appmode1
                0x00800134        0x3 obj/eecfg.o
 .rodata.EE_oo_action_ROM
                0x00800137       0x12 obj/eecfg.o
                0x00800137                EE_oo_action_ROM
 .rodata.EE_oo_counter_object_ROM
                0x00800149        0xc obj/eecfg.o
                0x00800149                EE_oo_counter_object_ROM
 .rodata.EE_alarm_ROM
                0x00800155        0x3 obj/eecfg.o
                0x00800155                EE_alarm_ROM
 .rodata.EE_counter_ROM
                0x00800158        0x3 obj/eecfg.o
                0x00800158                EE_counter_ROM
 .rodata.EE_th_rnact_max
                0x0080015b        0x3 obj/eecfg.o
                0x0080015b                EE_th_rnact_max
 .rodata.EE_th_dispatch_prio
                0x0080015e        0x3 obj/eecfg.o
                0x0080015e                EE_th_dispatch_prio
 .rodata.EE_th_ready_prio
                0x00800161        0x3 obj/eecfg.o
                0x00800161                EE_th_ready_prio
 .rodata.EE_terminate_real_th_body
                0x00800164        0x6 obj/eecfg.o
                0x00800164                EE_terminate_real_th_body
 .rodata.str1.1
                0x0080016a       0x37 obj/code.o
 .rodata.EE_rq_lookup
                0x008001a1      0x100 ./libee.a(ee_lookup.o)
                0x008001a1                EE_rq_lookup
 .rodata._ZTV14HardwareSerial
                0x008002a1       0x10 libarduinosdk.a(HardwareSerial.o)
                0x008002a1                _ZTV14HardwareSerial
 *(.gnu.linkonce.d*)
                0x008002b2                . = ALIGN (0x2)
 *fill*         0x008002b1        0x1 
                0x008002b2                _edata = .
                0x008002b2                PROVIDE (__data_end, .)

.bss            0x008002b2      0x128
                0x008002b2                PROVIDE (__bss_start, .)
 *(.bss)
 *(.bss*)
 .bss.EE_rq_free
                0x008002b2        0x1 obj/eecfg.o
                0x008002b2                EE_rq_free
 .bss.EE_rq_link
                0x008002b3        0x3 obj/eecfg.o
                0x008002b3                EE_rq_link
 .bss.EE_rq_bitmask
                0x008002b6        0x1 obj/eecfg.o
                0x008002b6                EE_rq_bitmask
 .bss.EE_sys_ceiling
                0x008002b7        0x1 obj/eecfg.o
                0x008002b7                EE_sys_ceiling
 .bss.CAN       0x008002b8       0x11 obj/code.o
                0x008002b8                CAN
 .bss.timer0_fract
                0x008002c9        0x1 libarduinosdk.a(wiring.o)
 .bss.timer0_millis
                0x008002ca        0x4 libarduinosdk.a(wiring.o)
                0x008002ca                timer0_millis
 .bss.timer0_overflow_count
                0x008002ce        0x4 libarduinosdk.a(wiring.o)
                0x008002ce                timer0_overflow_count
 .bss.Serial    0x008002d2       0x9d libarduinosdk.a(HardwareSerial0.o)
                0x008002d2                Serial
 .bss._ZN8SPIClass11initializedE
                0x0080036f        0x1 libarduinosdk.a(SPI.o)
                0x0080036f                _ZN8SPIClass11initializedE
 *(COMMON)
 COMMON         0x00800370       0x1d obj/eecfg.o
                0x00800370                EE_rq_pairs_tid
                0x00800373                EE_terminate_data
                0x0080037f                EE_oo_counter_object_RAM
                0x0080038b                EE_resource_oldceiling
                0x0080038c                EE_ApplicationMode
 COMMON         0x0080038d       0x48 obj/task.o
                0x0080038d                toRight
                0x00800391                accel
                0x00800395                speed_error
                0x00800399                LKAS_trigger
                0x0080039b                road_direction
                0x0080039f                left_steer
                0x008003a3                lateral_error
                0x008003a7                toLeft
                0x008003ab                right_steer
                0x008003af                current_speed
                0x008003b3                angle
                0x008003b7                steer_value
                0x008003bb                CC_trigger
                0x008003bd                lookahead
                0x008003c1                yaw
                0x008003c5                target_speed
                0x008003c9                brake
                0x008003cd                toMiddle
                0x008003d1                width
 COMMON         0x008003d5        0x1 ./libee.a(ee_startos.o)
                0x008003d5                EE_oo_started
 COMMON         0x008003d6        0x2 ./libee.a(ee_hal_structs.o)
                0x008003d6                EE_IRQ_nesting_level
                0x008003d7                EE_std_endcycle_next_tid
 COMMON         0x008003d8        0x2 ./libee.a(ee_lookup.o)
                0x008003d8                EE_oo_IRQ_disable_count
                0x008003d9                EE_oo_IRQ_suspend_status
                0x008003da                PROVIDE (__bss_end, .)
                0x000022d8                __data_load_start = LOADADDR (.data)
                0x0000248a                __data_load_end = (__data_load_start + SIZEOF (.data))

.noinit         0x008003da        0x0
                0x008003da                PROVIDE (__noinit_start, .)
 *(.noinit*)
                0x008003da                PROVIDE (__noinit_end, .)
                0x008003da                _end = .
                0x008003da                PROVIDE (__heap_start, .)

.eeprom         0x00810000        0x0
 *(.eeprom*)
                0x00810000                __eeprom_end = .

.fuse
 *(.fuse)
 *(.lfuse)
 *(.hfuse)
 *(.efuse)

.lock
 *(.lock*)

.signature
 *(.signature*)

.user_signatures
 *(.user_signatures*)

.stab
 *(.stab)

.stabstr
 *(.stabstr)

.stab.excl
 *(.stab.excl)

.stab.exclstr
 *(.stab.exclstr)

.stab.index
 *(.stab.index)

.stab.indexstr
 *(.stab.indexstr)

.comment        0x00000000       0x11
 *(.comment)
 .comment       0x00000000       0x11 obj/eecfg.o
                                 0x12 (size before relaxing)
 .comment       0x00000000       0x12 obj/code.o
 .comment       0x00000000       0x12 obj/task.o
 .comment       0x00000000       0x12 obj/can.o
 .comment       0x00000000       0x12 obj/serial.o
 .comment       0x00000000       0x12 ./libee.a(ee_terminat.o)
 .comment       0x00000000       0x12 ./libee.a(ee_tstub.o)
 .comment       0x00000000       0x12 ./libee.a(ee_startos.o)
 .comment       0x00000000       0x12 ./libee.a(ee_rq_first.o)
 .comment       0x00000000       0x12 ./libee.a(ee_altick.o)
 .comment       0x00000000       0x12 ./libee.a(ee_intvect.o)
 .comment       0x00000000       0x12 ./libee.a(ee_avr8_irqstub.o)
 .comment       0x00000000       0x12 ./libee.a(ee_hal_structs.o)
 .comment       0x00000000       0x12 ./libee.a(ee_context.o)
 .comment       0x00000000       0x12 ./libee.a(ee_thendin.o)
 .comment       0x00000000       0x12 ./libee.a(ee_irqendin.o)
 .comment       0x00000000       0x12 ./libee.a(ee_tnterm.o)
 .comment       0x00000000       0x12 ./libee.a(ee_lookup.o)
 .comment       0x00000000       0x12 ./libee.a(ee_rq_exchg.o)
 .comment       0x00000000       0x12 ./libee.a(ee_rq_inser.o)
 .comment       0x00000000       0x12 libarduinosdk.a(wiring.o)
 .comment       0x00000000       0x12 libarduinosdk.a(HardwareSerial.o)
 .comment       0x00000000       0x12 libarduinosdk.a(Print.o)
 .comment       0x00000000       0x12 libarduinosdk.a(hooks.o)
 .comment       0x00000000       0x12 libarduinosdk.a(abi.o)
 .comment       0x00000000       0x12 libarduinosdk.a(HardwareSerial0.o)
 .comment       0x00000000       0x12 libarduinosdk.a(mcp_can.o)
 .comment       0x00000000       0x12 libarduinosdk.a(SPI.o)
 .comment       0x00000000       0x12 libarduinosdk.a(wiring_digital.o)

.debug
 *(.debug)

.line
 *(.line)

.debug_srcinfo
 *(.debug_srcinfo)

.debug_sfnames
 *(.debug_sfnames)

.debug_aranges  0x00000000      0x6f0
 *(.debug_aranges)
 .debug_aranges
                0x00000000       0x18 obj/eecfg.o
 .debug_aranges
                0x00000018       0x38 obj/code.o
 .debug_aranges
                0x00000050       0x40 obj/task.o
 .debug_aranges
                0x00000090       0x40 obj/can.o
 .debug_aranges
                0x000000d0       0x38 obj/serial.o
 .debug_aranges
                0x00000108       0x20 ./libee.a(ee_terminat.o)
 .debug_aranges
                0x00000128       0x20 ./libee.a(ee_tstub.o)
 .debug_aranges
                0x00000148       0x20 ./libee.a(ee_startos.o)
 .debug_aranges
                0x00000168       0x20 ./libee.a(ee_rq_first.o)
 .debug_aranges
                0x00000188       0x38 ./libee.a(ee_altick.o)
 .debug_aranges
                0x000001c0       0x30 ./libee.a(ee_intvect.o)
 .debug_aranges
                0x000001f0       0x28 ./libee.a(ee_avr8_irqstub.o)
 .debug_aranges
                0x00000218       0x20 ./libee.a(ee_avr8_oo.o)
 .debug_aranges
                0x00000238       0x18 ./libee.a(ee_hal_structs.o)
 .debug_aranges
                0x00000250       0x20 ./libee.a(ee_context.o)
 .debug_aranges
                0x00000270       0x20 ./libee.a(ee_thendin.o)
 .debug_aranges
                0x00000290       0x28 ./libee.a(ee_irqendin.o)
 .debug_aranges
                0x000002b8       0x20 ./libee.a(ee_tnterm.o)
 .debug_aranges
                0x000002d8       0x18 ./libee.a(ee_lookup.o)
 .debug_aranges
                0x000002f0       0x20 ./libee.a(ee_rq_exchg.o)
 .debug_aranges
                0x00000310       0x20 ./libee.a(ee_rq_inser.o)
 .debug_aranges
                0x00000330       0x48 libarduinosdk.a(wiring.o)
 .debug_aranges
                0x00000378       0x68 libarduinosdk.a(HardwareSerial.o)
 .debug_aranges
                0x000003e0       0xf0 libarduinosdk.a(Print.o)
 .debug_aranges
                0x000004d0       0x20 libarduinosdk.a(hooks.o)
 .debug_aranges
                0x000004f0       0x28 libarduinosdk.a(abi.o)
 .debug_aranges
                0x00000518       0x38 libarduinosdk.a(HardwareSerial0.o)
 .debug_aranges
                0x00000550      0x130 libarduinosdk.a(mcp_can.o)
 .debug_aranges
                0x00000680       0x38 libarduinosdk.a(SPI.o)
 .debug_aranges
                0x000006b8       0x38 libarduinosdk.a(wiring_digital.o)

.debug_pubnames
 *(.debug_pubnames)

.debug_info     0x00000000    0x10f9f
 *(.debug_info)
 .debug_info    0x00000000      0x78e obj/eecfg.o
 .debug_info    0x0000078e      0xb9f obj/code.o
 .debug_info    0x0000132d      0x66a obj/task.o
 .debug_info    0x00001997      0x8b6 obj/can.o
 .debug_info    0x0000224d      0x371 obj/serial.o
 .debug_info    0x000025be      0x6ac ./libee.a(ee_terminat.o)
 .debug_info    0x00002c6a      0x5d0 ./libee.a(ee_tstub.o)
 .debug_info    0x0000323a      0xa3a ./libee.a(ee_startos.o)
 .debug_info    0x00003c74      0x520 ./libee.a(ee_rq_first.o)
 .debug_info    0x00004194      0xcb0 ./libee.a(ee_altick.o)
 .debug_info    0x00004e44      0x533 ./libee.a(ee_intvect.o)
 .debug_info    0x00005377      0x6d8 ./libee.a(ee_avr8_irqstub.o)
 .debug_info    0x00005a4f       0xaf ./libee.a(ee_avr8_oo.o)
 .debug_info    0x00005afe      0x4c6 ./libee.a(ee_hal_structs.o)
 .debug_info    0x00005fc4      0x588 ./libee.a(ee_context.o)
 .debug_info    0x0000654c      0x721 ./libee.a(ee_thendin.o)
 .debug_info    0x00006c6d      0x62e ./libee.a(ee_irqendin.o)
 .debug_info    0x0000729b      0x5b7 ./libee.a(ee_tnterm.o)
 .debug_info    0x00007852      0x4ca ./libee.a(ee_lookup.o)
 .debug_info    0x00007d1c      0x574 ./libee.a(ee_rq_exchg.o)
 .debug_info    0x00008290      0x57e ./libee.a(ee_rq_inser.o)
 .debug_info    0x0000880e      0x2c2 libarduinosdk.a(wiring.o)
 .debug_info    0x00008ad0     0x1a60 libarduinosdk.a(HardwareSerial.o)
 .debug_info    0x0000a530     0x2691 libarduinosdk.a(Print.o)
 .debug_info    0x0000cbc1       0x3a libarduinosdk.a(hooks.o)
 .debug_info    0x0000cbfb       0x8a libarduinosdk.a(abi.o)
 .debug_info    0x0000cc85     0x1679 libarduinosdk.a(HardwareSerial0.o)
 .debug_info    0x0000e2fe     0x214a libarduinosdk.a(mcp_can.o)
 .debug_info    0x00010448      0x566 libarduinosdk.a(SPI.o)
 .debug_info    0x000109ae      0x5f1 libarduinosdk.a(wiring_digital.o)
 *(.gnu.linkonce.wi.*)

.debug_abbrev   0x00000000     0x38a5
 *(.debug_abbrev)
 .debug_abbrev  0x00000000      0x113 obj/eecfg.o
 .debug_abbrev  0x00000113      0x343 obj/code.o
 .debug_abbrev  0x00000456      0x22f obj/task.o
 .debug_abbrev  0x00000685      0x1b2 obj/can.o
 .debug_abbrev  0x00000837      0x131 obj/serial.o
 .debug_abbrev  0x00000968      0x217 ./libee.a(ee_terminat.o)
 .debug_abbrev  0x00000b7f      0x1bf ./libee.a(ee_tstub.o)
 .debug_abbrev  0x00000d3e      0x30c ./libee.a(ee_startos.o)
 .debug_abbrev  0x0000104a      0x124 ./libee.a(ee_rq_first.o)
 .debug_abbrev  0x0000116e      0x37f ./libee.a(ee_altick.o)
 .debug_abbrev  0x000014ed      0x14e ./libee.a(ee_intvect.o)
 .debug_abbrev  0x0000163b      0x1bc ./libee.a(ee_avr8_irqstub.o)
 .debug_abbrev  0x000017f7       0x14 ./libee.a(ee_avr8_oo.o)
 .debug_abbrev  0x0000180b      0x104 ./libee.a(ee_hal_structs.o)
 .debug_abbrev  0x0000190f      0x16f ./libee.a(ee_context.o)
 .debug_abbrev  0x00001a7e      0x242 ./libee.a(ee_thendin.o)
 .debug_abbrev  0x00001cc0      0x1f2 ./libee.a(ee_irqendin.o)
 .debug_abbrev  0x00001eb2      0x1df ./libee.a(ee_tnterm.o)
 .debug_abbrev  0x00002091      0x104 ./libee.a(ee_lookup.o)
 .debug_abbrev  0x00002195      0x133 ./libee.a(ee_rq_exchg.o)
 .debug_abbrev  0x000022c8      0x140 ./libee.a(ee_rq_inser.o)
 .debug_abbrev  0x00002408      0x143 libarduinosdk.a(wiring.o)
 .debug_abbrev  0x0000254b      0x3db libarduinosdk.a(HardwareSerial.o)
 .debug_abbrev  0x00002926      0x425 libarduinosdk.a(Print.o)
 .debug_abbrev  0x00002d4b       0x28 libarduinosdk.a(hooks.o)
 .debug_abbrev  0x00002d73       0x5c libarduinosdk.a(abi.o)
 .debug_abbrev  0x00002dcf      0x33d libarduinosdk.a(HardwareSerial0.o)
 .debug_abbrev  0x0000310c      0x40a libarduinosdk.a(mcp_can.o)
 .debug_abbrev  0x00003516      0x22d libarduinosdk.a(SPI.o)
 .debug_abbrev  0x00003743      0x162 libarduinosdk.a(wiring_digital.o)

.debug_line     0x00000000     0x4315
 *(.debug_line)
 .debug_line    0x00000000      0x141 obj/eecfg.o
 .debug_line    0x00000141      0x40b obj/code.o
 .debug_line    0x0000054c      0x353 obj/task.o
 .debug_line    0x0000089f      0x193 obj/can.o
 .debug_line    0x00000a32      0x1bf obj/serial.o
 .debug_line    0x00000bf1      0x2ad ./libee.a(ee_terminat.o)
 .debug_line    0x00000e9e      0x1f2 ./libee.a(ee_tstub.o)
 .debug_line    0x00001090      0x2fa ./libee.a(ee_startos.o)
 .debug_line    0x0000138a      0x1dc ./libee.a(ee_rq_first.o)
 .debug_line    0x00001566      0x386 ./libee.a(ee_altick.o)
 .debug_line    0x000018ec      0x212 ./libee.a(ee_intvect.o)
 .debug_line    0x00001afe      0x275 ./libee.a(ee_avr8_irqstub.o)
 .debug_line    0x00001d73      0x1a7 ./libee.a(ee_avr8_oo.o)
 .debug_line    0x00001f1a      0x1a7 ./libee.a(ee_hal_structs.o)
 .debug_line    0x000020c1      0x1ee ./libee.a(ee_context.o)
 .debug_line    0x000022af      0x22b ./libee.a(ee_thendin.o)
 .debug_line    0x000024da      0x20b ./libee.a(ee_irqendin.o)
 .debug_line    0x000026e5      0x1fb ./libee.a(ee_tnterm.o)
 .debug_line    0x000028e0      0x1b0 ./libee.a(ee_lookup.o)
 .debug_line    0x00002a90      0x1e4 ./libee.a(ee_rq_exchg.o)
 .debug_line    0x00002c74      0x1e0 ./libee.a(ee_rq_inser.o)
 .debug_line    0x00002e54      0x1a3 libarduinosdk.a(wiring.o)
 .debug_line    0x00002ff7      0x2af libarduinosdk.a(HardwareSerial.o)
 .debug_line    0x000032a6      0x412 libarduinosdk.a(Print.o)
 .debug_line    0x000036b8       0x65 libarduinosdk.a(hooks.o)
 .debug_line    0x0000371d       0xb8 libarduinosdk.a(abi.o)
 .debug_line    0x000037d5      0x1fe libarduinosdk.a(HardwareSerial0.o)
 .debug_line    0x000039d3      0x5ee libarduinosdk.a(mcp_can.o)
 .debug_line    0x00003fc1      0x1eb libarduinosdk.a(SPI.o)
 .debug_line    0x000041ac      0x169 libarduinosdk.a(wiring_digital.o)

.debug_frame    0x00000000     0x1208
 *(.debug_frame)
 .debug_frame   0x00000000       0x54 obj/code.o
 .debug_frame   0x00000054      0x124 obj/task.o
 .debug_frame   0x00000178       0x74 obj/can.o
 .debug_frame   0x000001ec       0x54 obj/serial.o
 .debug_frame   0x00000240       0x2c ./libee.a(ee_terminat.o)
 .debug_frame   0x0000026c       0x24 ./libee.a(ee_tstub.o)
 .debug_frame   0x00000290       0x44 ./libee.a(ee_startos.o)
 .debug_frame   0x000002d4       0x24 ./libee.a(ee_rq_first.o)
 .debug_frame   0x000002f8       0x84 ./libee.a(ee_altick.o)
 .debug_frame   0x0000037c       0x44 ./libee.a(ee_intvect.o)
 .debug_frame   0x000003c0       0x34 ./libee.a(ee_avr8_irqstub.o)
 .debug_frame   0x000003f4       0x24 ./libee.a(ee_context.o)
 .debug_frame   0x00000418       0x2c ./libee.a(ee_thendin.o)
 .debug_frame   0x00000444       0x34 ./libee.a(ee_irqendin.o)
 .debug_frame   0x00000478       0x24 ./libee.a(ee_tnterm.o)
 .debug_frame   0x0000049c       0x30 ./libee.a(ee_rq_exchg.o)
 .debug_frame   0x000004cc       0x24 ./libee.a(ee_rq_inser.o)
 .debug_frame   0x000004f0       0xbc libarduinosdk.a(wiring.o)
 .debug_frame   0x000005ac      0x110 libarduinosdk.a(HardwareSerial.o)
 .debug_frame   0x000006bc      0x3b8 libarduinosdk.a(Print.o)
 .debug_frame   0x00000a74       0x24 libarduinosdk.a(hooks.o)
 .debug_frame   0x00000a98       0x34 libarduinosdk.a(abi.o)
 .debug_frame   0x00000acc       0xc0 libarduinosdk.a(HardwareSerial0.o)
 .debug_frame   0x00000b8c      0x598 libarduinosdk.a(mcp_can.o)
 .debug_frame   0x00001124       0x5c libarduinosdk.a(SPI.o)
 .debug_frame   0x00001180       0x88 libarduinosdk.a(wiring_digital.o)

.debug_str      0x00000000     0x3691
 *(.debug_str)
 .debug_str     0x00000000      0x65e obj/eecfg.o
                                0x6c2 (size before relaxing)
 .debug_str     0x0000065e      0x889 obj/code.o
                                0xab5 (size before relaxing)
 .debug_str     0x00000ee7      0x168 obj/task.o
                                0x3a9 (size before relaxing)
 .debug_str     0x0000104f       0x52 obj/can.o
                                0x7fe (size before relaxing)
 .debug_str     0x000010a1       0xa7 obj/serial.o
                                0x258 (size before relaxing)
 .debug_str     0x00001148      0x178 ./libee.a(ee_terminat.o)
                                0x5e3 (size before relaxing)
 .debug_str     0x000012c0      0x1a1 ./libee.a(ee_tstub.o)
                                0x627 (size before relaxing)
 .debug_str     0x00001461      0x19e ./libee.a(ee_startos.o)
                                0x84b (size before relaxing)
 .debug_str     0x000015ff       0x56 ./libee.a(ee_rq_first.o)
                                0x4f0 (size before relaxing)
 .debug_str     0x00001655      0x1af ./libee.a(ee_altick.o)
                                0x992 (size before relaxing)
 .debug_str     0x00001804       0x84 ./libee.a(ee_intvect.o)
                                0x50e (size before relaxing)
 .debug_str     0x00001888       0xc7 ./libee.a(ee_avr8_irqstub.o)
                                0x5c4 (size before relaxing)
 .debug_str     0x0000194f       0x5a ./libee.a(ee_hal_structs.o)
                                0x4c1 (size before relaxing)
 .debug_str     0x000019a9       0x6d ./libee.a(ee_context.o)
                                0x543 (size before relaxing)
 .debug_str     0x00001a16       0xd3 ./libee.a(ee_thendin.o)
                                0x6f7 (size before relaxing)
 .debug_str     0x00001ae9       0x88 ./libee.a(ee_irqendin.o)
                                0x683 (size before relaxing)
 .debug_str     0x00001b71       0x89 ./libee.a(ee_tnterm.o)
                                0x564 (size before relaxing)
 .debug_str     0x00001bfa       0x54 ./libee.a(ee_lookup.o)
                                0x4bb (size before relaxing)
 .debug_str     0x00001c4e       0x56 ./libee.a(ee_rq_exchg.o)
                                0x525 (size before relaxing)
 .debug_str     0x00001ca4       0x56 ./libee.a(ee_rq_inser.o)
                                0x52a (size before relaxing)
 .debug_str     0x00001cfa       0xb3 libarduinosdk.a(wiring.o)
                                0x18b (size before relaxing)
 .debug_str     0x00001dad      0xeaf libarduinosdk.a(HardwareSerial.o)
                               0x110c (size before relaxing)
 .debug_str     0x00002c5c      0x373 libarduinosdk.a(Print.o)
                                0xe0b (size before relaxing)
 .debug_str     0x00002fcf       0x41 libarduinosdk.a(hooks.o)
                                 0x89 (size before relaxing)
 .debug_str     0x00003010       0x68 libarduinosdk.a(abi.o)
                                 0xf8 (size before relaxing)
 .debug_str     0x00003078       0x6c libarduinosdk.a(HardwareSerial0.o)
                                0xf06 (size before relaxing)
 .debug_str     0x000030e4      0x406 libarduinosdk.a(mcp_can.o)
                                0xbc7 (size before relaxing)
 .debug_str     0x000034ea       0xc0 libarduinosdk.a(SPI.o)
                                0x547 (size before relaxing)
 .debug_str     0x000035aa       0xe7 libarduinosdk.a(wiring_digital.o)
                                0x1f9 (size before relaxing)

.debug_loc      0x00000000     0x5e41
 *(.debug_loc)
 .debug_loc     0x00000000      0x2cd obj/task.o
 .debug_loc     0x000002cd      0x198 obj/can.o
 .debug_loc     0x00000465       0xc6 obj/serial.o
 .debug_loc     0x0000052b       0x60 ./libee.a(ee_terminat.o)
 .debug_loc     0x0000058b      0x2ba ./libee.a(ee_startos.o)
 .debug_loc     0x00000845       0x1e ./libee.a(ee_rq_first.o)
 .debug_loc     0x00000863      0x397 ./libee.a(ee_altick.o)
 .debug_loc     0x00000bfa       0x6a ./libee.a(ee_avr8_irqstub.o)
 .debug_loc     0x00000c64       0x21 ./libee.a(ee_context.o)
 .debug_loc     0x00000c85       0x84 ./libee.a(ee_thendin.o)
 .debug_loc     0x00000d09       0x13 ./libee.a(ee_irqendin.o)
 .debug_loc     0x00000d1c       0x2f ./libee.a(ee_rq_exchg.o)
 .debug_loc     0x00000d4b       0x56 ./libee.a(ee_rq_inser.o)
 .debug_loc     0x00000da1      0x22b libarduinosdk.a(wiring.o)
 .debug_loc     0x00000fcc      0x48d libarduinosdk.a(HardwareSerial.o)
 .debug_loc     0x00001459     0x1eed libarduinosdk.a(Print.o)
 .debug_loc     0x00003346      0x161 libarduinosdk.a(HardwareSerial0.o)
 .debug_loc     0x000034a7     0x223e libarduinosdk.a(mcp_can.o)
 .debug_loc     0x000056e5      0x145 libarduinosdk.a(SPI.o)
 .debug_loc     0x0000582a      0x617 libarduinosdk.a(wiring_digital.o)

.debug_macinfo
 *(.debug_macinfo)

.debug_pubtypes
 *(.debug_pubtypes)

.debug_ranges   0x00000000      0x698
 *(.debug_ranges)
 .debug_ranges  0x00000000       0x28 obj/code.o
 .debug_ranges  0x00000028       0x30 obj/task.o
 .debug_ranges  0x00000058       0x30 obj/can.o
 .debug_ranges  0x00000088       0x28 obj/serial.o
 .debug_ranges  0x000000b0       0x10 ./libee.a(ee_terminat.o)
 .debug_ranges  0x000000c0       0x10 ./libee.a(ee_tstub.o)
 .debug_ranges  0x000000d0       0x58 ./libee.a(ee_startos.o)
 .debug_ranges  0x00000128       0x10 ./libee.a(ee_rq_first.o)
 .debug_ranges  0x00000138       0x88 ./libee.a(ee_altick.o)
 .debug_ranges  0x000001c0       0x20 ./libee.a(ee_intvect.o)
 .debug_ranges  0x000001e0       0x18 ./libee.a(ee_avr8_irqstub.o)
 .debug_ranges  0x000001f8       0x10 ./libee.a(ee_context.o)
 .debug_ranges  0x00000208       0x10 ./libee.a(ee_thendin.o)
 .debug_ranges  0x00000218       0x18 ./libee.a(ee_irqendin.o)
 .debug_ranges  0x00000230       0x10 ./libee.a(ee_tnterm.o)
 .debug_ranges  0x00000240       0x10 ./libee.a(ee_rq_exchg.o)
 .debug_ranges  0x00000250       0x10 ./libee.a(ee_rq_inser.o)
 .debug_ranges  0x00000260       0x38 libarduinosdk.a(wiring.o)
 .debug_ranges  0x00000298       0x70 libarduinosdk.a(HardwareSerial.o)
 .debug_ranges  0x00000308      0x140 libarduinosdk.a(Print.o)
 .debug_ranges  0x00000448       0x10 libarduinosdk.a(hooks.o)
 .debug_ranges  0x00000458       0x18 libarduinosdk.a(abi.o)
 .debug_ranges  0x00000470       0x28 libarduinosdk.a(HardwareSerial0.o)
 .debug_ranges  0x00000498      0x198 libarduinosdk.a(mcp_can.o)
 .debug_ranges  0x00000630       0x28 libarduinosdk.a(SPI.o)
 .debug_ranges  0x00000658       0x40 libarduinosdk.a(wiring_digital.o)

.debug_macro
 *(.debug_macro)
OUTPUT(arduino.elf elf32-avr)
LOAD linker stubs
